Microchip MPLAB XC8 Compiler V2.41

Linker command line:

-W-3 \
  --edf=C:\Program Files\Microchip\xc8\v2.41\pic\dat\20230208172133_en.msgs \
  -cn -h+dist/default/production\edenpure.X.production.sym \
  --cmf=dist/default/production\edenpure.X.production.cmf -z -Q16F1847 \
  -oC:\Users\colby\AppData\Local\Temp\xcAsfq0.\driver_tmp_3.o \
  --defsym=__MPLAB_BUILD=1 --fixupoverflow=error \
  -Mdist/default/production/edenpure.X.production.map \
  --md=C:\Users\colby\AppData\Local\Temp\xcAsfq0.\driver_tmp_0.dat -E1 \
  -ver=XC8 Compiler --acfsm=1493 -ACODE=00h-07FFhx4 -ASTRCODE=00h-01FFFh \
  -ASTRING=00h-0FFhx32 -ACONST=00h-0FFhx32 -AENTRY=00h-0FFhx32 \
  -ACOMMON=070h-07Fh -ABANK0=020h-06Fh -ABANK1=0A0h-0EFh \
  -ABANK2=0120h-016Fh -ABANK3=01A0h-01EFh -ABANK4=0220h-026Fh \
  -ABANK5=02A0h-02EFh -ABANK6=0320h-036Fh -ABANK7=03A0h-03EFh \
  -ABANK8=0420h-046Fh -ABANK9=04A0h-04EFh -ABANK10=0520h-056Fh \
  -ABANK11=05A0h-05EFh -ABANK12=0620h-064Fh -ABIGRAM=02000h-023EFh \
  -ARAM=020h-06Fh,0A0h-0EFh,0120h-016Fh,01A0h-01EFh,0220h-026Fh,02A0h-02EFh,0320h-036Fh,03A0h-03EFh,0420h-046Fh,04A0h-04EFh,0520h-056Fh,05A0h-05EFh,0620h-064Fh \
  -AABS1=020h-07Fh,0A0h-0EFh,0120h-016Fh,01A0h-01EFh,0220h-026Fh,02A0h-02EFh,0320h-036Fh,03A0h-03EFh,0420h-046Fh,04A0h-04EFh,0520h-056Fh,05A0h-05EFh,0620h-064Fh \
  -ASFR0=00h-01Fh -ASFR1=080h-09Fh -ASFR2=0100h-011Fh -ASFR3=0180h-019Fh \
  -ASFR4=0200h-021Fh -ASFR5=0280h-029Fh -ASFR6=0300h-031Fh \
  -ASFR7=0380h-039Fh -ASFR8=0400h-041Fh -ASFR9=0480h-049Fh \
  -ASFR10=0500h-051Fh -ASFR11=0580h-059Fh -ASFR12=0600h-061Fh \
  -ASFR13=0680h-06EFh -ASFR14=0700h-076Fh -ASFR15=0780h-07EFh \
  -ASFR16=0800h-086Fh -ASFR17=0880h-08EFh -ASFR18=0900h-096Fh \
  -ASFR19=0980h-09EFh -ASFR20=0A00h-0A6Fh -ASFR21=0A80h-0AEFh \
  -ASFR22=0B00h-0B6Fh -ASFR23=0B80h-0BEFh -ASFR24=0C00h-0C6Fh \
  -ASFR25=0C80h-0CEFh -ASFR26=0D00h-0D6Fh -ASFR27=0D80h-0DEFh \
  -ASFR28=0E00h-0E6Fh -ASFR29=0E80h-0EEFh -ASFR30=0F00h-0F6Fh \
  -ASFR31=0F80h-0FEFh -ACONFIG=08007h-08008h -DCONFIG=2 \
  -AIDLOC=08000h-08003h -DIDLOC=2 -AEEDATA=00h-0FFh/0F000h \
  -peeprom_data=EEDATA -DEEDATA=2 -DCODE=2 -DSTRCODE=2 -DSTRING=2 -DCONST=2 \
  -DENTRY=2 -preset_vec=00h,intentry=04h,init,end_init -ppowerup=CODE \
  -pcinit=CODE -pfunctab=ENTRY -k \
  C:\Users\colby\AppData\Local\Temp\xcAsfq0.\driver_tmp_15.o \
  dist/default/production\edenpure.X.production.o 

Object code version is 3.11

Machine type is 16F1847



                Name                               Link     Load   Length Selector   Space Scale
C:\Users\colby\AppData\Local\Temp\xcAsfq0.\driver_tmp_15.o
                end_init                             19       19        2        8       0
                reset_vec                             0        0        2        0       0
                config                             8007     8007        2        0       4
                idloc                              8000     8000        4        0       5
dist/default/production\edenpure.X.production.o
                cinit                                1B       1B       23        8       0
                intentry                              4        4       15        8       0
                config                             8007     8007        2        0       4
                idloc                              8000     8000        4        0       5
                text40                              731      731       B6        8       0
                text39                              84A      84A        1     1094       0
                text38                              891      891        A     1122       0
                text37                              8EA      8EA       17     11D4       0
                text36                              935      935       1B     126A       0
                text35                              84B      84B        1     1096       0
                text34                              89B      89B        B     1136       0
                text33                              8B2      8B2        F     1164       0
                text32                              8A6      8A6        C     114C       0
                text30                              872      872        7     10E4       0
                text29                              850      850        5     10A0       0
                text28                              85A      85A        6     10B4       0
                text27                              855      855        5     10AA       0
                text26                              9A7      9A7       20     134E       0
                text25                              879      879        7     10F2       0
                text24                              901      901       1A     1202       0
                text23                              860      860        6     10C0       0
                text22                              8C1      8C1       14     1182       0
                text21                              866      866        6     10CC       0
                text20                              91B      91B       1A     1236       0
                text19                              84C      84C        4     1098       0
                text18                              8D5      8D5       15     11AA       0
                text17                              A6B      A6B       61     14D6       0
                text16                              7E7      7E7       18        8       0
                text15                              ACC      ACC       62     1598       0
                text14                              CE0      CE0      16F     19C0       0
                text13                              B2E      B2E       7B     165C       0
                text12                              988      988       1F     1310       0
                text11                               3E       3E      28E        8       0
                text10                              888      888        9     1110       0
                text9                               E4F      E4F      1B1     1C9E       0
                text8                               96B      96B       1D     12D6       0
                text7                               BA9      BA9       94     1752       0
                text6                               51B      51B      216        8       0
                text5                               2CC      2CC      24F        8       0
                text4                               880      880        8     1100       0
                text3                               9C7      9C7       51     138E       0
                text2                               950      950       1B     12A0       0
                text1                               C3D      C3D       A3     187A       0
                maintext                            A18      A18       53     1430       0
                cstackBANK0                          20       20       46       20       1
                cstackCOMMON                         70       70        8       70       1
                cstackBANK1                          A0       A0       23       A0       1
                cstackBANK2                         120      120       32      120       1
                clrtext                             86C      86C        6     10D8       0
                bssBANK2                            152      152        E      120       1
                dataBANK1                            CA       CA        1       A0       1
                bssBANK1                             C3       C3        7       A0       1
                bssBANK0                             66       66        1       20       1
                dataCOMMON                           78       78        2       70       1
                bssCOMMON                            7A       7A        1       70       1
                nvBANK2                             160      160        A      120       1
                stringtext9                        101E     101E        2     2000       0
                stringtext8                        101C     101C        2     2000       0
                stringtext7                        101A     101A        2     2000       0
                stringtext6                        1018     1018        2     2000       0
                stringtext5                        1016     1016        2     2000       0
                stringtext4                        1012     1012        4     2000       0
                stringtext3                        100E     100E        4     2000       0
                stringtext2                        100A     100A        4     2000       0
                stringtext1                        1000     1000        A     2000       0
                idataBANK1                          7FF      7FF        1        8       0
                idataCOMMON                           2        2        2        0       0

TOTAL           Name                               Link     Load   Length     Space
        CLASS   CODE           
                end_init                             19       19        2         0
                cinit                                1B       1B       23         0
                intentry                              4        4       15         0
                reset_vec                             0        0        2         0
                text40                              731      731       B6         0
                text39                              84A      84A        1         0
                text38                              891      891        A         0
                text37                              8EA      8EA       17         0
                text36                              935      935       1B         0
                text35                              84B      84B        1         0
                text34                              89B      89B        B         0
                text33                              8B2      8B2        F         0
                text32                              8A6      8A6        C         0
                text30                              872      872        7         0
                text29                              850      850        5         0
                text28                              85A      85A        6         0
                text27                              855      855        5         0
                text26                              9A7      9A7       20         0
                text25                              879      879        7         0
                text24                              901      901       1A         0
                text23                              860      860        6         0
                text22                              8C1      8C1       14         0
                text21                              866      866        6         0
                text20                              91B      91B       1A         0
                text19                              84C      84C        4         0
                text18                              8D5      8D5       15         0
                text17                              A6B      A6B       61         0
                text16                              7E7      7E7       18         0
                text15                              ACC      ACC       62         0
                text14                              CE0      CE0      16F         0
                text13                              B2E      B2E       7B         0
                text12                              988      988       1F         0
                text11                               3E       3E      28E         0
                text10                              888      888        9         0
                text9                               E4F      E4F      1B1         0
                text8                               96B      96B       1D         0
                text7                               BA9      BA9       94         0
                text6                               51B      51B      216         0
                text5                               2CC      2CC      24F         0
                text4                               880      880        8         0
                text3                               9C7      9C7       51         0
                text2                               950      950       1B         0
                text1                               C3D      C3D       A3         0
                maintext                            A18      A18       53         0
                clrtext                             86C      86C        6         0
                idataBANK1                          7FF      7FF        1         0
                idataCOMMON                           2        2        2         0

        CLASS   STRCODE        
                stringtext9                        101E     101E        2         0
                stringtext8                        101C     101C        2         0
                stringtext7                        101A     101A        2         0
                stringtext6                        1018     1018        2         0
                stringtext5                        1016     1016        2         0
                stringtext4                        1012     1012        4         0
                stringtext3                        100E     100E        4         0
                stringtext2                        100A     100A        4         0
                stringtext1                        1000     1000        A         0

        CLASS   STRING         

        CLASS   CONST          

        CLASS   ENTRY          

        CLASS   COMMON         
                cstackCOMMON                         70       70        8         1
                dataCOMMON                           78       78        2         1
                bssCOMMON                            7A       7A        1         1

        CLASS   BANK0          
                cstackBANK0                          20       20       46         1
                bssBANK0                             66       66        1         1

        CLASS   BANK1          
                cstackBANK1                          A0       A0       23         1
                dataBANK1                            CA       CA        1         1
                bssBANK1                             C3       C3        7         1

        CLASS   BANK2          
                cstackBANK2                         120      120       32         1
                bssBANK2                            152      152        E         1
                nvBANK2                             160      160        A         1

        CLASS   BANK3          

        CLASS   BANK4          

        CLASS   BANK5          

        CLASS   BANK6          

        CLASS   BANK7          

        CLASS   BANK8          

        CLASS   BANK9          

        CLASS   BANK10         

        CLASS   BANK11         

        CLASS   BANK12         

        CLASS   BIGRAM         

        CLASS   RAM            

        CLASS   ABS1           
                abs_s1                               7E       7E        2         1

        CLASS   SFR0           

        CLASS   SFR1           

        CLASS   SFR2           

        CLASS   SFR3           

        CLASS   SFR4           

        CLASS   SFR5           

        CLASS   SFR6           

        CLASS   SFR7           

        CLASS   SFR8           

        CLASS   SFR9           

        CLASS   SFR10          

        CLASS   SFR11          

        CLASS   SFR12          

        CLASS   SFR13          

        CLASS   SFR14          

        CLASS   SFR15          

        CLASS   SFR16          

        CLASS   SFR17          

        CLASS   SFR18          

        CLASS   SFR19          

        CLASS   SFR20          

        CLASS   SFR21          

        CLASS   SFR22          

        CLASS   SFR23          

        CLASS   SFR24          

        CLASS   SFR25          

        CLASS   SFR26          

        CLASS   SFR27          

        CLASS   SFR28          

        CLASS   SFR29          

        CLASS   SFR30          

        CLASS   SFR31          

        CLASS   CONFIG         
                config                             8007     8007        2         4

        CLASS   IDLOC          
                idloc                              8000     8000        4         5

        CLASS   EEDATA         

        CLASS   BANK31         

        CLASS   BANK30         

        CLASS   BANK29         

        CLASS   BANK28         

        CLASS   BANK27         

        CLASS   BANK26         

        CLASS   BANK25         

        CLASS   BANK24         

        CLASS   BANK23         

        CLASS   BANK22         

        CLASS   BANK21         

        CLASS   BANK20         

        CLASS   BANK19         

        CLASS   BANK18         

        CLASS   BANK17         

        CLASS   BANK16         

        CLASS   BANK15         

        CLASS   BANK14         

        CLASS   BANK13         

        CLASS   HEAP           

        CLASS   STACK          



SEGMENTS        Name                           Load    Length   Top    Selector   Space  Class     Delta

                reset_vec                      000000  000004  000004         0       0  CODE        2
                intentry                       000004  0007FC  000800         8       0  CODE        2
                cstackBANK0                    000020  000047  000067        20       1  BANK0       1
                cstackCOMMON                   000070  00000B  00007B        70       1  COMMON      1
                cstackBANK1                    0000A0  00002B  0000CB        A0       1  BANK1       1
                cstackBANK2                    000120  00004A  00016A       120       1  BANK2       1
                text39                         00084A  000001  00084B      1094       0  CODE        2
                text35                         00084B  000001  00084C      1096       0  CODE        2
                text19                         00084C  000004  000850      1098       0  CODE        2
                text29                         000850  000005  000855      10A0       0  CODE        2
                text27                         000855  000005  00085A      10AA       0  CODE        2
                text28                         00085A  000006  000860      10B4       0  CODE        2
                text23                         000860  000006  000866      10C0       0  CODE        2
                text21                         000866  000006  00086C      10CC       0  CODE        2
                clrtext                        00086C  000006  000872      10D8       0  CODE        2
                text30                         000872  000007  000879      10E4       0  CODE        2
                text25                         000879  000007  000880      10F2       0  CODE        2
                text4                          000880  000008  000888      1100       0  CODE        2
                text10                         000888  000009  000891      1110       0  CODE        2
                text38                         000891  00000A  00089B      1122       0  CODE        2
                text34                         00089B  00000B  0008A6      1136       0  CODE        2
                text32                         0008A6  00000C  0008B2      114C       0  CODE        2
                text33                         0008B2  00000F  0008C1      1164       0  CODE        2
                text22                         0008C1  000014  0008D5      1182       0  CODE        2
                text18                         0008D5  000015  0008EA      11AA       0  CODE        2
                text37                         0008EA  000017  000901      11D4       0  CODE        2
                text24                         000901  00001A  00091B      1202       0  CODE        2
                text20                         00091B  00001A  000935      1236       0  CODE        2
                text36                         000935  00001B  000950      126A       0  CODE        2
                text2                          000950  00001B  00096B      12A0       0  CODE        2
                text8                          00096B  00001D  000988      12D6       0  CODE        2
                text12                         000988  00001F  0009A7      1310       0  CODE        2
                text26                         0009A7  000020  0009C7      134E       0  CODE        2
                text3                          0009C7  000051  000A18      138E       0  CODE        2
                maintext                       000A18  000053  000A6B      1430       0  CODE        2
                text17                         000A6B  000061  000ACC      14D6       0  CODE        2
                text15                         000ACC  000062  000B2E      1598       0  CODE        2
                text13                         000B2E  00007B  000BA9      165C       0  CODE        2
                text7                          000BA9  000094  000C3D      1752       0  CODE        2
                text1                          000C3D  0000A3  000CE0      187A       0  CODE        2
                text14                         000CE0  00016F  000E4F      19C0       0  CODE        2
                text9                          000E4F  0001B1  001000      1C9E       0  CODE        2
                stringtext1                    001000  000020  001020      2000       0  STRCODE     2


UNUSED ADDRESS RANGES

        Name                Unused          Largest block    Delta
        BANK0            00067-0006F               9           1
        BANK1            000CB-000EF              25           1
        BANK10           00520-0056F              50           1
        BANK11           005A0-005EF              50           1
        BANK12           00620-0064F              30           1
        BANK2            0016A-0016F               6           1
        BANK3            001A0-001EF              50           1
        BANK4            00220-0026F              50           1
        BANK5            002A0-002EF              50           1
        BANK6            00320-0036F              50           1
        BANK7            003A0-003EF              50           1
        BANK8            00420-0046F              50           1
        BANK9            004A0-004EF              50           1
        BIGRAM           02000-023EF             3F0           1
        CODE             00800-00849              4A           2
                         01020-01FFF             7E0
        COMMON           0007B-0007D               3           1
        CONST            00800-00849              4A           2
                         01020-01FFF             100
        EEDATA           0F000-0F0FF             100           2
        ENTRY            00800-00849              4A           2
                         01020-01FFF             100
        RAM              00067-0006F               9           1
                         000CB-000EF              25
                         0016A-0016F               6
                         001A0-001EF              50
                         00220-0026F              50
                         002A0-002EF              50
                         00320-0036F              50
                         003A0-003EF              50
                         00420-0046F              50
                         004A0-004EF              50
                         00520-0056F              50
                         005A0-005EF              50
                         00620-0064F              30
        SFR0             00000-0001F              20           1
        SFR1             00080-0009F              20           1
        SFR10            00500-0051F              20           1
        SFR11            00580-0059F              20           1
        SFR12            00600-0061F              20           1
        SFR13            00680-006EF              70           1
        SFR14            00700-0076F              70           1
        SFR15            00780-007EF              70           1
        SFR16            00800-0086F              70           1
        SFR17            00880-008EF              70           1
        SFR18            00900-0096F              70           1
        SFR19            00980-009EF              70           1
        SFR2             00100-0011F              20           1
        SFR20            00A00-00A6F              70           1
        SFR21            00A80-00AEF              70           1
        SFR22            00B00-00B6F              70           1
        SFR23            00B80-00BEF              70           1
        SFR24            00C00-00C6F              70           1
        SFR25            00C80-00CEF              70           1
        SFR26            00D00-00D6F              70           1
        SFR27            00D80-00DEF              70           1
        SFR28            00E00-00E6F              70           1
        SFR29            00E80-00EEF              70           1
        SFR3             00180-0019F              20           1
        SFR30            00F00-00F6F              70           1
        SFR31            00F80-00FEF              70           1
        SFR4             00200-0021F              20           1
        SFR5             00280-0029F              20           1
        SFR6             00300-0031F              20           1
        SFR7             00380-0039F              20           1
        SFR8             00400-0041F              20           1
        SFR9             00480-0049F              20           1
        STRCODE          00800-00849              4A           2
                         01020-01FFF             FE0
        STRING           00800-00849              4A           2
                         01020-01FFF             100

                                  Symbol Table

?_ADC_GetConversion                            cstackCOMMON 00073
?__Umul8_16                                    cstackCOMMON 00073
?___awdiv                                      cstackBANK0  00022
?___fladd                                      cstackBANK0  00044
?___fldiv                                      cstackBANK0  0002A
?___flmul                                      cstackBANK0  00058
?___flneg                                      cstackCOMMON 00073
?___flsub                                      cstackBANK0  00058
?___fltol                                      cstackCOMMON 00073
?___wmul                                       cstackCOMMON 00073
?___xxtofl                                     cstackCOMMON 00073
?_my_log                                       cstackBANK1  000AD
ADC_GetConversion@channel                      cstackCOMMON 00076
EUSART_SetErrorHandler@interruptHandler        cstackCOMMON 00073
EUSART_SetFramingErrorHandler@interruptHandler cstackCOMMON 00073
EUSART_SetOverrunErrorHandler@interruptHandler cstackCOMMON 00073
EUSART_Write@txData                            cstackCOMMON 00073
TMR0_ISR@CountCallBack                         bssBANK2     00158
TMR0_SetInterruptHandler@InterruptHandler      cstackCOMMON 00073
TMR1_SetInterruptHandler@InterruptHandler      cstackCOMMON 00073
TMR1_WriteTimer@timerVal                       cstackCOMMON 00070
_ADCON0                                        (abs)        0009D
_ADCON0bits                                    (abs)        0009D
_ADCON1                                        (abs)        0009E
_ADC_GetConversion                             text16       007E7
_ADC_Initialize                                text30       00872
_ADRESH                                        (abs)        0009C
_ADRESL                                        (abs)        0009B
_ANSELA                                        (abs)        0018C
_ANSELB                                        (abs)        0018D
_APFCON0                                       (abs)        0011D
_APFCON1                                       (abs)        0011E
_BAUDCON                                       (abs)        0019F
_BORCON                                        (abs)        00116
_CURRENT_MODE                                  dataCOMMON   00078
_DISP_STATE                                    bssBANK2     00154
_EUSART_DefaultErrorHandler                    (abs)        00000
_EUSART_DefaultFramingErrorHandler             (abs)        00000
_EUSART_DefaultOverrunErrorHandler             (abs)        00000
_EUSART_ErrorHandler                           nvBANK2      00160
_EUSART_FramingErrorHandler                    nvBANK2      00164
_EUSART_Initialize                             text26       009A7
_EUSART_OverrunErrorHandler                    nvBANK2      00162
_EUSART_SetErrorHandler                        text29       00850
_EUSART_SetFramingErrorHandler                 text28       0085A
_EUSART_SetOverrunErrorHandler                 text27       00855
_EUSART_Write                                  text4        00880
_HEAT_CALL_TICKS                               bssBANK1     000C3
_INTCONbits                                    (abs)        0000B
_INTERRUPT_InterruptManager                    intentry     00004
_LATA                                          (abs)        0010C
_LATAbits                                      (abs)        0010C
_LATB                                          (abs)        0010D
_LATBbits                                      (abs)        0010D
_LOGIC_FLAG                                    bssBANK2     0015C
_LOGIC_TICK                                    bssCOMMON    0007A
_OPTION_REG                                    (abs)        00095
_OPTION_REGbits                                (abs)        00095
_OSCCON                                        (abs)        00099
_OSCILLATOR_Initialize                         text25       00879
_OSCTUNE                                       (abs)        00098
_PIE1bits                                      (abs)        00091
_PIN_MANAGER_Initialize                        text24       00901
_PIR1bits                                      (abs)        00011
_PORTAbits                                     (abs)        0000C
_PORTBbits                                     (abs)        0000D
_RCSTA                                         (abs)        0019D
_READ_FLAG                                     bssBANK1     000C7
_RELAY_STATUS                                  bssBANK0     00066
_SETPOINTS                                     stringtext1  01000
_SPBRGH                                        (abs)        0019C
_SPBRGL                                        (abs)        0019B
_SYSTEM_Initialize                             text18       008D5
_T1CON                                         (abs)        00018
_T1CONbits                                     (abs)        00018
_T1GCON                                        (abs)        00019
_TEMP                                          bssBANK1     000C5
_TMR0                                          (abs)        00015
_TMR0_CallBack                                 text38       00891
_TMR0_DefaultInterruptHandler                  text39       0084A
_TMR0_ISR                                      text37       008EA
_TMR0_Initialize                               text22       008C1
_TMR0_InterruptHandler                         nvBANK2      00168
_TMR0_SetInterruptHandler                      text23       00860
_TMR1H                                         (abs)        00017
_TMR1L                                         (abs)        00016
_TMR1_CallBack                                 text34       0089B
_TMR1_DefaultInterruptHandler                  text35       0084B
_TMR1_ISR                                      text32       008A6
_TMR1_Initialize                               text20       0091B
_TMR1_InterruptHandler                         nvBANK2      00166
_TMR1_SetInterruptHandler                      text21       00866
_TMR1_WriteTimer                               text33       008B2
_TRISA                                         (abs)        0008C
_TRISAbits                                     (abs)        0008C
_TRISB                                         (abs)        0008D
_TRISBbits                                     (abs)        0008D
_TXREG                                         (abs)        0019A
_TXSTA                                         (abs)        0019E
_UART_FLAG                                     bssBANK2     0015D
_WDTCON                                        (abs)        00097
_WDT_Initialize                                text19       0084C
_WPUA                                          (abs)        0020C
_WPUB                                          (abs)        0020D
__ControlHeat                                  text17       00A6B
__H__absolute__                                __absolute__ 00000
__Habs1                                        abs1         00000
__Hbank0                                       bank0        00000
__Hbank1                                       bank1        00000
__Hbank10                                      bank10       00000
__Hbank11                                      bank11       00000
__Hbank12                                      bank12       00000
__Hbank13                                      bank13       00000
__Hbank14                                      bank14       00000
__Hbank15                                      bank15       00000
__Hbank16                                      bank16       00000
__Hbank17                                      bank17       00000
__Hbank18                                      bank18       00000
__Hbank19                                      bank19       00000
__Hbank2                                       bank2        00000
__Hbank20                                      bank20       00000
__Hbank21                                      bank21       00000
__Hbank22                                      bank22       00000
__Hbank23                                      bank23       00000
__Hbank24                                      bank24       00000
__Hbank25                                      bank25       00000
__Hbank26                                      bank26       00000
__Hbank27                                      bank27       00000
__Hbank28                                      bank28       00000
__Hbank29                                      bank29       00000
__Hbank3                                       bank3        00000
__Hbank30                                      bank30       00000
__Hbank31                                      bank31       00000
__Hbank4                                       bank4        00000
__Hbank5                                       bank5        00000
__Hbank6                                       bank6        00000
__Hbank7                                       bank7        00000
__Hbank8                                       bank8        00000
__Hbank9                                       bank9        00000
__Hbigram                                      bigram       00000
__HbssBANK0                                    bssBANK0     00000
__HbssBANK1                                    bssBANK1     00000
__HbssBANK2                                    bssBANK2     00000
__HbssCOMMON                                   bssCOMMON    00000
__Hcinit                                       cinit        0003E
__Hclrtext                                     clrtext      00000
__Hcode                                        code         00000
__Hcommon                                      common       00000
__Hconfig                                      config       08009
__HcstackBANK0                                 cstackBANK0  00000
__HcstackBANK1                                 cstackBANK1  00000
__HcstackBANK2                                 cstackBANK2  00000
__HcstackCOMMON                                cstackCOMMON 00000
__HdataBANK1                                   dataBANK1    00000
__HdataCOMMON                                  dataCOMMON   00000
__Heeprom_data                                 eeprom_data  00000
__Hend_init                                    end_init     0001B
__Hfunctab                                     functab      00000
__Hheap                                        heap         00000
__HidataBANK1                                  idataBANK1   00000
__HidataCOMMON                                 idataCOMMON  00000
__Hidloc                                       idloc        08004
__Hinit                                        init         00019
__Hintentry                                    intentry     00019
__Hmaintext                                    maintext     00000
__HnvBANK2                                     nvBANK2      00000
__Hpowerup                                     powerup      00000
__Hram                                         ram          00000
__Hreset_vec                                   reset_vec    00002
__Hsfr0                                        sfr0         00000
__Hsfr1                                        sfr1         00000
__Hsfr10                                       sfr10        00000
__Hsfr11                                       sfr11        00000
__Hsfr12                                       sfr12        00000
__Hsfr13                                       sfr13        00000
__Hsfr14                                       sfr14        00000
__Hsfr15                                       sfr15        00000
__Hsfr16                                       sfr16        00000
__Hsfr17                                       sfr17        00000
__Hsfr18                                       sfr18        00000
__Hsfr19                                       sfr19        00000
__Hsfr2                                        sfr2         00000
__Hsfr20                                       sfr20        00000
__Hsfr21                                       sfr21        00000
__Hsfr22                                       sfr22        00000
__Hsfr23                                       sfr23        00000
__Hsfr24                                       sfr24        00000
__Hsfr25                                       sfr25        00000
__Hsfr26                                       sfr26        00000
__Hsfr27                                       sfr27        00000
__Hsfr28                                       sfr28        00000
__Hsfr29                                       sfr29        00000
__Hsfr3                                        sfr3         00000
__Hsfr30                                       sfr30        00000
__Hsfr31                                       sfr31        00000
__Hsfr4                                        sfr4         00000
__Hsfr5                                        sfr5         00000
__Hsfr6                                        sfr6         00000
__Hsfr7                                        sfr7         00000
__Hsfr8                                        sfr8         00000
__Hsfr9                                        sfr9         00000
__Hspace_0                                     (abs)        01020
__Hspace_1                                     (abs)        0016A
__Hspace_2                                     (abs)        00000
__Hspace_3                                     (abs)        00000
__Hspace_4                                     (abs)        10010
__Hstack                                       stack        00000
__Hstrings                                     strings      00000
__Hstringtext1                                 stringtext1  00000
__Hstringtext2                                 stringtext2  00000
__Hstringtext3                                 stringtext3  00000
__Hstringtext4                                 stringtext4  00000
__Hstringtext5                                 stringtext5  00000
__Hstringtext6                                 stringtext6  00000
__Hstringtext7                                 stringtext7  00000
__Hstringtext8                                 stringtext8  00000
__Hstringtext9                                 stringtext9  00000
__Htext                                        text         00000
__L__absolute__                                __absolute__ 00000
__Labs1                                        abs1         00000
__LastDownState                                bssBANK1     000C8
__LastUpState                                  dataBANK1    000CA
__Lbank0                                       bank0        00000
__Lbank1                                       bank1        00000
__Lbank10                                      bank10       00000
__Lbank11                                      bank11       00000
__Lbank12                                      bank12       00000
__Lbank13                                      bank13       00000
__Lbank14                                      bank14       00000
__Lbank15                                      bank15       00000
__Lbank16                                      bank16       00000
__Lbank17                                      bank17       00000
__Lbank18                                      bank18       00000
__Lbank19                                      bank19       00000
__Lbank2                                       bank2        00000
__Lbank20                                      bank20       00000
__Lbank21                                      bank21       00000
__Lbank22                                      bank22       00000
__Lbank23                                      bank23       00000
__Lbank24                                      bank24       00000
__Lbank25                                      bank25       00000
__Lbank26                                      bank26       00000
__Lbank27                                      bank27       00000
__Lbank28                                      bank28       00000
__Lbank29                                      bank29       00000
__Lbank3                                       bank3        00000
__Lbank30                                      bank30       00000
__Lbank31                                      bank31       00000
__Lbank4                                       bank4        00000
__Lbank5                                       bank5        00000
__Lbank6                                       bank6        00000
__Lbank7                                       bank7        00000
__Lbank8                                       bank8        00000
__Lbank9                                       bank9        00000
__Lbigram                                      bigram       00000
__LbssBANK0                                    bssBANK0     00000
__LbssBANK1                                    bssBANK1     00000
__LbssBANK2                                    bssBANK2     00000
__LbssCOMMON                                   bssCOMMON    00000
__Lcinit                                       cinit        0001B
__Lclrtext                                     clrtext      00000
__Lcode                                        code         00000
__Lcommon                                      common       00000
__Lconfig                                      config       00000
__LcstackBANK0                                 cstackBANK0  00000
__LcstackBANK1                                 cstackBANK1  00000
__LcstackBANK2                                 cstackBANK2  00000
__LcstackCOMMON                                cstackCOMMON 00000
__LdataBANK1                                   dataBANK1    00000
__LdataCOMMON                                  dataCOMMON   00000
__Leeprom_data                                 eeprom_data  00000
__Lend_init                                    end_init     00019
__Lfunctab                                     functab      00000
__Lheap                                        heap         00000
__LidataBANK1                                  idataBANK1   00000
__LidataCOMMON                                 idataCOMMON  00000
__Lidloc                                       idloc        00000
__Linit                                        init         00019
__Lintentry                                    intentry     00004
__Lmaintext                                    maintext     00000
__LnvBANK2                                     nvBANK2      00000
__LogicControlISR                              text36       00935
__Lpowerup                                     powerup      00000
__Lram                                         ram          00000
__Lreset_vec                                   reset_vec    00000
__Lsfr0                                        sfr0         00000
__Lsfr1                                        sfr1         00000
__Lsfr10                                       sfr10        00000
__Lsfr11                                       sfr11        00000
__Lsfr12                                       sfr12        00000
__Lsfr13                                       sfr13        00000
__Lsfr14                                       sfr14        00000
__Lsfr15                                       sfr15        00000
__Lsfr16                                       sfr16        00000
__Lsfr17                                       sfr17        00000
__Lsfr18                                       sfr18        00000
__Lsfr19                                       sfr19        00000
__Lsfr2                                        sfr2         00000
__Lsfr20                                       sfr20        00000
__Lsfr21                                       sfr21        00000
__Lsfr22                                       sfr22        00000
__Lsfr23                                       sfr23        00000
__Lsfr24                                       sfr24        00000
__Lsfr25                                       sfr25        00000
__Lsfr26                                       sfr26        00000
__Lsfr27                                       sfr27        00000
__Lsfr28                                       sfr28        00000
__Lsfr29                                       sfr29        00000
__Lsfr3                                        sfr3         00000
__Lsfr30                                       sfr30        00000
__Lsfr31                                       sfr31        00000
__Lsfr4                                        sfr4         00000
__Lsfr5                                        sfr5         00000
__Lsfr6                                        sfr6         00000
__Lsfr7                                        sfr7         00000
__Lsfr8                                        sfr8         00000
__Lsfr9                                        sfr9         00000
__Lspace_0                                     (abs)        00000
__Lspace_1                                     (abs)        00000
__Lspace_2                                     (abs)        00000
__Lspace_3                                     (abs)        00000
__Lspace_4                                     (abs)        00000
__Lstack                                       stack        00000
__Lstrings                                     strings      00000
__Lstringtext1                                 stringtext1  00000
__Lstringtext2                                 stringtext2  00000
__Lstringtext3                                 stringtext3  00000
__Lstringtext4                                 stringtext4  00000
__Lstringtext5                                 stringtext5  00000
__Lstringtext6                                 stringtext6  00000
__Lstringtext7                                 stringtext7  00000
__Lstringtext8                                 stringtext8  00000
__Lstringtext9                                 stringtext9  00000
__Ltext                                        text         00000
__ReadSensor                                   text5        002CC
__ReadSensor$1709                              cstackBANK2  00140
__ReadSensor$1710                              cstackBANK2  00144
__ReadSensor$1711                              cstackBANK2  00148
__ReadSensor@Rntc                              cstackBANK2  0012C
__ReadSensor@Rpullup                           cstackBANK2  00124
__ReadSensor@T                                 cstackBANK2  00134
__ReadSensor@Tc                                cstackBANK2  00138
__ReadSensor@Tf                                cstackBANK2  0013C
__ReadSensor@Vcc                               cstackBANK2  00128
__ReadSensor@Vout                              cstackBANK2  00120
__ReadSensor@adcValue                          cstackBANK2  0014C
__ReadSensor@invT                              cstackBANK2  00130
__ReadSensor@logR                              cstackBANK2  0014E
__S0                                           (abs)        01020
__S1                                           (abs)        0016A
__S3                                           (abs)        00000
__SendDataToConsole                            text1        00C3D
__SendDataToConsole@huns                       cstackBANK0  00032
__SendDataToConsole@ones                       cstackBANK0  0002E
__SendDataToConsole@tens                       cstackBANK0  00030
__UIControlISR                                 text40       00731
__UIControlISR@btnDnRead                       cstackCOMMON 00072
__UIControlISR@btnUpRead                       cstackCOMMON 00071
__Umul8_16                                     text12       00988
__Umul8_16@multiplicand                        cstackCOMMON 00073
__Umul8_16@multiplier                          cstackBANK0  00024
__Umul8_16@product                             cstackBANK0  00020
__Umul8_16@word_mpld                           cstackBANK0  00022
___awdiv                                       text3        009C7
___awdiv@counter                               cstackBANK0  00026
___awdiv@dividend                              cstackBANK0  00024
___awdiv@divisor                               cstackBANK0  00022
___awdiv@quotient                              cstackBANK0  00028
___awdiv@sign                                  cstackBANK0  00027
___fladd                                       text9        00E4F
___fladd@a                                     cstackBANK0  00048
___fladd@aexp                                  cstackBANK0  00055
___fladd@b                                     cstackBANK0  00044
___fladd@bexp                                  cstackBANK0  00056
___fladd@grs                                   cstackBANK0  00057
___fladd@signs                                 cstackBANK0  00054
___fldiv                                       text14       00CE0
___fldiv@a                                     cstackBANK0  0002A
___fldiv@aexp                                  cstackBANK0  00043
___fldiv@b                                     cstackBANK0  0002E
___fldiv@bexp                                  cstackBANK0  00042
___fldiv@grs                                   cstackBANK0  0003E
___fldiv@new_exp                               cstackBANK0  0003C
___fldiv@rem                                   cstackBANK0  00037
___fldiv@sign                                  cstackBANK0  0003B
___flge                                        text13       00B2E
___flge@ff1                                    cstackBANK0  00020
___flge@ff2                                    cstackBANK0  00024
___flmul                                       text11       0003E
___flmul@a                                     cstackBANK0  0005C
___flmul@aexp                                  cstackBANK1  000A1
___flmul@b                                     cstackBANK0  00058
___flmul@bexp                                  cstackBANK1  000A2
___flmul@grs                                   cstackBANK1  000A3
___flmul@prod                                  cstackBANK1  000A7
___flmul@sign                                  cstackBANK1  000A0
___flmul@temp                                  cstackBANK1  000AB
___flneg                                       text10       00888
___flneg@f1                                    cstackCOMMON 00073
___flsub                                       text8        0096B
___flsub@a                                     cstackBANK0  00058
___flsub@b                                     cstackBANK0  0005C
___fltol                                       text15       00ACC
___fltol@exp1                                  cstackBANK0  00025
___fltol@f1                                    cstackCOMMON 00073
___fltol@sign1                                 cstackBANK0  00024
___heap_hi                                     (abs)        00000
___heap_lo                                     (abs)        00000
___int_sp                                      stack        00000
___latbits                                     (abs)        00002
___sp                                          stack        00000
___stackhi                                     (abs)        00000
___stacklo                                     (abs)        00000
___wmul                                        text2        00950
___wmul@multiplicand                           cstackCOMMON 00075
___wmul@multiplier                             cstackCOMMON 00073
___wmul@product                                cstackBANK0  00020
___xxtofl                                      text7        00BA9
___xxtofl@arg                                  cstackBANK0  00026
___xxtofl@exp                                  cstackBANK0  00025
___xxtofl@sign                                 cstackBANK0  00024
___xxtofl@val                                  cstackCOMMON 00073
__end_of_A                                     stringtext4  01016
__end_of_ADC_GetConversion                     text16       007FF
__end_of_ADC_Initialize                        text30       00879
__end_of_B                                     stringtext3  01012
__end_of_C                                     stringtext2  0100E
__end_of_EUSART_Initialize                     text26       009C7
__end_of_EUSART_SetErrorHandler                text29       00855
__end_of_EUSART_SetFramingErrorHandler         text28       00860
__end_of_EUSART_SetOverrunErrorHandler         text27       0085A
__end_of_EUSART_Write                          text4        00888
__end_of_INTERRUPT_InterruptManager            intentry     00019
__end_of_MIN_IDLE_TIME                         stringtext8  0101E
__end_of_MIN_RUN_TIME                          stringtext9  01020
__end_of_ONE_SECOND                            stringtext5  01018
__end_of_OSCILLATOR_Initialize                 text25       00880
__end_of_PIN_MANAGER_Initialize                text24       0091B
__end_of_SETPOINTS                             stringtext1  0100A
__end_of_SHUT_OFF                              stringtext7  0101C
__end_of_SYSTEM_Initialize                     text18       008EA
__end_of_TMR0_CallBack                         text38       0089B
__end_of_TMR0_DefaultInterruptHandler          text39       0084B
__end_of_TMR0_ISR                              text37       00901
__end_of_TMR0_Initialize                       text22       008D5
__end_of_TMR0_SetInterruptHandler              text23       00866
__end_of_TMR1_CallBack                         text34       008A6
__end_of_TMR1_DefaultInterruptHandler          text35       0084C
__end_of_TMR1_ISR                              text32       008B2
__end_of_TMR1_Initialize                       text20       00935
__end_of_TMR1_SetInterruptHandler              text21       0086C
__end_of_TMR1_WriteTimer                       text33       008C1
__end_of_TURN_ON                               stringtext6  0101A
__end_of_WDT_Initialize                        text19       00850
__end_of__ControlHeat                          text17       00ACC
__end_of__LogicControlISR                      text36       00950
__end_of__ReadSensor                           text5        0051B
__end_of__SendDataToConsole                    text1        00CE0
__end_of__UIControlISR                         text40       007E7
__end_of__Umul8_16                             text12       009A7
__end_of___awdiv                               text3        00A18
__end_of___fladd                               text9        01000
__end_of___fldiv                               text14       00E4F
__end_of___flge                                text13       00BA9
__end_of___flmul                               text11       002CC
__end_of___flneg                               text10       00891
__end_of___flsub                               text8        00988
__end_of___fltol                               text15       00B2E
__end_of___wmul                                text2        0096B
__end_of___xxtofl                              text7        00C3D
__end_of__initialization                       cinit        0003A
__end_of_main                                  maintext     00A6B
__end_of_my_log                                text6        00731
__initialization                               cinit        0001B
__pbssBANK0                                    bssBANK0     00066
__pbssBANK1                                    bssBANK1     000C3
__pbssBANK2                                    bssBANK2     00152
__pbssCOMMON                                   bssCOMMON    0007A
__pcstackBANK0                                 cstackBANK0  00020
__pcstackBANK1                                 cstackBANK1  000A0
__pcstackBANK2                                 cstackBANK2  00120
__pcstackCOMMON                                cstackCOMMON 00070
__pdataBANK1                                   dataBANK1    000CA
__pdataCOMMON                                  dataCOMMON   00078
__pidataBANK1                                  idataBANK1   007FF
__pidataCOMMON                                 idataCOMMON  00002
__pintentry                                    intentry     00004
__pmaintext                                    maintext     00A18
__pnvBANK2                                     nvBANK2      00160
__pstringtext1                                 stringtext1  01000
__pstringtext2                                 stringtext2  0100A
__pstringtext3                                 stringtext3  0100E
__pstringtext4                                 stringtext4  01012
__pstringtext5                                 stringtext5  01016
__pstringtext6                                 stringtext6  01018
__pstringtext7                                 stringtext7  0101A
__pstringtext8                                 stringtext8  0101C
__pstringtext9                                 stringtext9  0101E
__ptext1                                       text1        00C3D
__ptext10                                      text10       00888
__ptext11                                      text11       0003E
__ptext12                                      text12       00988
__ptext13                                      text13       00B2E
__ptext14                                      text14       00CE0
__ptext15                                      text15       00ACC
__ptext16                                      text16       007E7
__ptext17                                      text17       00A6B
__ptext18                                      text18       008D5
__ptext19                                      text19       0084C
__ptext2                                       text2        00950
__ptext20                                      text20       0091B
__ptext21                                      text21       00866
__ptext22                                      text22       008C1
__ptext23                                      text23       00860
__ptext24                                      text24       00901
__ptext25                                      text25       00879
__ptext26                                      text26       009A7
__ptext27                                      text27       00855
__ptext28                                      text28       0085A
__ptext29                                      text29       00850
__ptext3                                       text3        009C7
__ptext30                                      text30       00872
__ptext32                                      text32       008A6
__ptext33                                      text33       008B2
__ptext34                                      text34       0089B
__ptext35                                      text35       0084B
__ptext36                                      text36       00935
__ptext37                                      text37       008EA
__ptext38                                      text38       00891
__ptext39                                      text39       0084A
__ptext4                                       text4        00880
__ptext40                                      text40       00731
__ptext5                                       text5        002CC
__ptext6                                       text6        0051B
__ptext7                                       text7        00BA9
__ptext8                                       text8        0096B
__ptext9                                       text9        00E4F
_eusartRxLastError                             bssBANK2     0015F
_main                                          maintext     00A18
_my_log                                        text6        0051B
_my_log$1712                                   cstackBANK1  000B1
_timer0ReloadVal                               bssBANK1     000C9
_timer1ReloadVal                               bssBANK2     00156
btemp                                          (abs)        0007E
clear_ram0                                     clrtext      0086C
end_of_initialization                          cinit        0003A
int$flags                                      (abs)        0007E
intlevel0                                      functab      00000
intlevel1                                      functab      00000
intlevel2                                      functab      00000
intlevel3                                      functab      00000
intlevel4                                      functab      00000
intlevel5                                      functab      00000
main@savedRelay                                cstackBANK0  00065
my_log@n                                       cstackBANK1  000BD
my_log@result                                  cstackBANK1  000B5
my_log@sum                                     cstackBANK1  000B9
my_log@term                                    cstackBANK1  000BF
my_log@x                                       cstackBANK1  000AD
reset_vec                                      reset_vec    00000
start                                          init         00019
start_initialization                           cinit        0001B
wtemp0                                         (abs)        0007E


MODULE INFORMATION

Module		Function		Class		Link	Load	Size
C:\Program Files\Microchip\xc8\v2.41\pic\sources\c99\common\flge.c
		___flge        		CODE           	0B2E	0000	123

C:\Program Files\Microchip\xc8\v2.41\pic\sources\c99\common\flge.c estimated size: 123

C:\Program Files\Microchip\xc8\v2.41\pic\sources\c99\common\Umul8_16.c
		__Umul8_16     		CODE           	0988	0000	31

C:\Program Files\Microchip\xc8\v2.41\pic\sources\c99\common\Umul8_16.c estimated size: 31

C:\Program Files\Microchip\xc8\v2.41\pic\sources\c99\common\fltol.c
		___fltol       		CODE           	0ACC	0000	98

C:\Program Files\Microchip\xc8\v2.41\pic\sources\c99\common\fltol.c estimated size: 98

C:\Program Files\Microchip\xc8\v2.41\pic\sources\c99\common\xxtofl.c
		___xxtofl      		CODE           	0BA9	0000	148

C:\Program Files\Microchip\xc8\v2.41\pic\sources\c99\common\xxtofl.c estimated size: 148

mcc_generated_files/interrupt_manager.c
		_INTERRUPT_InterruptManager		CODE           	0004	0000	21

mcc_generated_files/interrupt_manager.c estimated size: 21

mcc_generated_files/tmr0.c
		_TMR0_SetInterruptHandler		CODE           	0860	0000	6
		_TMR0_DefaultInterruptHandler		CODE           	084A	0000	1
		_TMR0_CallBack 		CODE           	0891	0000	10
		_TMR0_ISR      		CODE           	08EA	0000	23
		_TMR0_Initialize		CODE           	08C1	0000	20

mcc_generated_files/tmr0.c estimated size: 60

mcc_generated_files/pin_manager.c
		_PIN_MANAGER_Initialize		CODE           	0901	0000	26

mcc_generated_files/pin_manager.c estimated size: 26

C:\Program Files\Microchip\xc8\v2.41\pic\sources\c99\common\sprcadd.c
		___flsub       		CODE           	096B	0000	29
		___fladd       		CODE           	0E4F	0000	433

C:\Program Files\Microchip\xc8\v2.41\pic\sources\c99\common\sprcadd.c estimated size: 462

C:\Program Files\Microchip\xc8\v2.41\pic\sources\c99\common\awdiv.c
		___awdiv       		CODE           	09C7	0000	81

C:\Program Files\Microchip\xc8\v2.41\pic\sources\c99\common\awdiv.c estimated size: 81

mcc_generated_files/adc.c
		_ADC_Initialize		CODE           	0872	0000	7
		_ADC_GetConversion		CODE           	07E7	0000	24

mcc_generated_files/adc.c estimated size: 31

C:\Program Files\Microchip\xc8\v2.41\pic\sources\c99\common\flneg.c
		___flneg       		CODE           	0888	0000	9

C:\Program Files\Microchip\xc8\v2.41\pic\sources\c99\common\flneg.c estimated size: 9

shared
		_MIN_RUN_TIME  		STRCODE        	0000	0000	0
		_SHUT_OFF      		STRCODE        	0000	0000	0
		_TURN_ON       		STRCODE        	0000	0000	0
		_SETPOINTS     		STRCODE        	1000	0000	10
		_MIN_IDLE_TIME 		STRCODE        	0000	0000	0
		__initialization		CODE           	001B	0000	31
		_A             		STRCODE        	0000	0000	0
		_B             		STRCODE        	0000	0000	0
		_C             		STRCODE        	0000	0000	0
		_ONE_SECOND    		STRCODE        	0000	0000	0

shared estimated size: 41

mcc_generated_files/mcc.c
		_WDT_Initialize		CODE           	084C	0000	4
		_OSCILLATOR_Initialize		CODE           	0879	0000	7
		_SYSTEM_Initialize		CODE           	08D5	0000	21

mcc_generated_files/mcc.c estimated size: 32

mcc_generated_files/tmr1.c
		_TMR1_Initialize		CODE           	091B	0000	26
		_TMR1_SetInterruptHandler		CODE           	0866	0000	6
		_TMR1_DefaultInterruptHandler		CODE           	084B	0000	1
		_TMR1_CallBack 		CODE           	089B	0000	11
		_TMR1_WriteTimer		CODE           	08B2	0000	15
		_TMR1_ISR      		CODE           	08A6	0000	12

mcc_generated_files/tmr1.c estimated size: 71

C:\Program Files\Microchip\xc8\v2.41\pic\sources\c99\common\Umul16.c
		___wmul        		CODE           	0950	0000	27

C:\Program Files\Microchip\xc8\v2.41\pic\sources\c99\common\Umul16.c estimated size: 27

custom_math.c
		_my_log        		CODE           	051B	0000	534

custom_math.c estimated size: 534

mcc_generated_files/eusart.c
		_EUSART_Write  		CODE           	0880	0000	8
		_EUSART_Initialize		CODE           	09A7	0000	32
		_EUSART_SetFramingErrorHandler		CODE           	085A	0000	6
		_EUSART_SetErrorHandler		CODE           	0850	0000	5
		_EUSART_SetOverrunErrorHandler		CODE           	0855	0000	5

mcc_generated_files/eusart.c estimated size: 56

main.c
		_main          		CODE           	0A18	0000	83
		__ControlHeat  		CODE           	0A6B	0000	97
		__LogicControlISR		CODE           	0935	0000	27
		__SendDataToConsole		CODE           	0C3D	0000	163
		__UIControlISR 		CODE           	0731	0000	182
		__ReadSensor   		CODE           	02CC	0000	591

main.c estimated size: 1143

C:\Program Files\Microchip\xc8\v2.41\pic\sources\c99\common\sprcmul.c
		___flmul       		CODE           	003E	0000	654

C:\Program Files\Microchip\xc8\v2.41\pic\sources\c99\common\sprcmul.c estimated size: 654

C:\Program Files\Microchip\xc8\v2.41\pic\sources\c99\common\sprcdiv.c
		___fldiv       		CODE           	0CE0	0000	367

C:\Program Files\Microchip\xc8\v2.41\pic\sources\c99\common\sprcdiv.c estimated size: 367

