Microchip MPLAB XC8 Compiler V2.41

Linker command line:

-W-3 \
  --edf=C:\Program Files\Microchip\xc8\v2.41\pic\dat\20230208172133_en.msgs \
  -cn -h+dist/default/production\edenpure.X.production.sym \
  --cmf=dist/default/production\edenpure.X.production.cmf -z -Q16F1827 \
  -oC:\Users\colby\AppData\Local\Temp\xcAscuc.\driver_tmp_3.o \
  --defsym=__MPLAB_BUILD=1 --fixupoverflow=error \
  -Mdist/default/production/edenpure.X.production.map \
  --md=C:\Users\colby\AppData\Local\Temp\xcAscuc.\driver_tmp_0.dat -E1 \
  -ver=XC8 Compiler --acfsm=1493 -ACODE=00h-07FFhx2 -ASTRCODE=00h-0FFFh \
  -ASTRING=00h-0FFhx16 -ACONST=00h-0FFhx16 -AENTRY=00h-0FFhx16 \
  -ACOMMON=070h-07Fh -ABANK0=020h-06Fh -ABANK1=0A0h-0EFh \
  -ABANK2=0120h-016Fh -ABANK3=01A0h-01EFh -ABANK4=0220h-024Fh \
  -ABIGRAM=02000h-0216Fh \
  -ARAM=020h-06Fh,0A0h-0EFh,0120h-016Fh,01A0h-01EFh,0220h-024Fh \
  -AABS1=020h-07Fh,0A0h-0EFh,0120h-016Fh,01A0h-01EFh,0220h-024Fh \
  -ASFR0=00h-01Fh -ASFR1=080h-09Fh -ASFR2=0100h-011Fh -ASFR3=0180h-019Fh \
  -ASFR4=0200h-021Fh -ASFR5=0280h-02EFh -ASFR6=0300h-036Fh \
  -ASFR7=0380h-03EFh -ASFR8=0400h-046Fh -ASFR9=0480h-04EFh \
  -ASFR10=0500h-056Fh -ASFR11=0580h-05EFh -ASFR12=0600h-066Fh \
  -ASFR13=0680h-06EFh -ASFR14=0700h-076Fh -ASFR15=0780h-07EFh \
  -ASFR16=0800h-086Fh -ASFR17=0880h-08EFh -ASFR18=0900h-096Fh \
  -ASFR19=0980h-09EFh -ASFR20=0A00h-0A6Fh -ASFR21=0A80h-0AEFh \
  -ASFR22=0B00h-0B6Fh -ASFR23=0B80h-0BEFh -ASFR24=0C00h-0C6Fh \
  -ASFR25=0C80h-0CEFh -ASFR26=0D00h-0D6Fh -ASFR27=0D80h-0DEFh \
  -ASFR28=0E00h-0E6Fh -ASFR29=0E80h-0EEFh -ASFR30=0F00h-0F6Fh \
  -ASFR31=0F80h-0FEFh -ACONFIG=08007h-08008h -DCONFIG=2 \
  -AIDLOC=08000h-08003h -DIDLOC=2 -AEEDATA=00h-0FFh/0F000h \
  -peeprom_data=EEDATA -DEEDATA=2 -DCODE=2 -DSTRCODE=2 -DSTRING=2 -DCONST=2 \
  -DENTRY=2 -preset_vec=00h,intentry=04h,init,end_init -ppowerup=CODE \
  -pcinit=CODE -pfunctab=ENTRY -k \
  C:\Users\colby\AppData\Local\Temp\xcAscuc.\driver_tmp_15.o \
  dist/default/production\edenpure.X.production.o 

Object code version is 3.11

Machine type is 16F1827



                Name                               Link     Load   Length Selector   Space Scale
C:\Users\colby\AppData\Local\Temp\xcAscuc.\driver_tmp_15.o
                end_init                             19       19        2        8       0
                reset_vec                             0        0        2        0       0
                config                             8007     8007        2        0       4
                idloc                              8000     8000        4        0       5
dist/default/production\edenpure.X.production.o
                cinit                                1B       1B       1D        8       0
                intentry                              4        4       15        8       0
                config                             8007     8007        2        0       4
                idloc                              8000     8000        4        0       5
                text39                              E2C      E2C       B6     1C58       0
                text38                              9EA      9EA        1     13D4       0
                text37                              A31      A31        B     1462       0
                text36                              A13      A13        7     1426       0
                text35                              B07      B07       1F     160E       0
                text34                                2        2        1        0       0
                text33                              7F5      7F5        B        8       0
                text32                              A49      A49        F     1492       0
                text31                              A3C      A3C        D     1478       0
                text29                              A21      A21        8     1442       0
                text28                              9EF      9EF        6     13DE       0
                text27                              9F5      9F5        6     13EA       0
                text26                              9FB      9FB        6     13F6       0
                text25                              B46      B46       21     168C       0
                text24                              A1A      A1A        7     1434       0
                text23                              AB2      AB2       1A     1564       0
                text22                              A01      A01        6     1402       0
                text21                              A58      A58       13     14B0       0
                text20                              A07      A07        6     140E       0
                text19                              A80      A80       19     1500       0
                text18                              9EB      9EB        4     13D6       0
                text17                              A6B      A6B       15     14D6       0
                text16                              C41      C41       62     1882       0
                text15                              A99      A99       19     1532       0
                text14                              CA3      CA3       62     1946       0
                text13                              D98      D98       94     1B30       0
                text12                              685      685      170        8       0
                text11                              B26      B26       20     164C       0
                text10                              2C3      2C3      210        8       0
                text9                               4D3      4D3      1B2        8       0
                text8                               B67      B67       35     16CE       0
                text7                               EE2      EE2      11E     1DC4       0
                text6                                38       38      28B        8       0
                text5                               A29      A29        8     1452       0
                text4                               ACC      ACC       1D     1598       0
                text3                               B9C      B9C       52     1738       0
                text2                               AE9      AE9       1E     15D2       0
                text1                               D05      D05       93     1A0A       0
                maintext                            BEE      BEE       53     17DC       0
                cstackBANK0                          20       20       4E       20       1
                cstackCOMMON                         70       70        8       70       1
                cstackBANK1                          A0       A0       18       A0       1
                cstackBANK3                         1A0      1A0       36      1A0       1
                clrtext                             A0D      A0D        6     141A       0
                dataBANK2                           146      146        1      120       1
                bssBANK2                            120      120       1C      120       1
                bssBANK1                             B8       B8        6       A0       1
                bssBANK0                             6E       6E        2       20       1
                bssCOMMON                            78       78        3       70       1
                nvBANK2                             13C      13C        A      120       1
                stringtext9                         81E      81E        2     1000       0
                stringtext8                         81C      81C        2     1000       0
                stringtext7                         81A      81A        2     1000       0
                stringtext6                         818      818        2     1000       0
                stringtext5                         816      816        2     1000       0
                stringtext4                         812      812        4     1000       0
                stringtext3                         80E      80E        4     1000       0
                stringtext2                         80A      80A        4     1000       0
                stringtext1                         800      800        A     1000       0
                idataBANK2                            3        3        1        6       0

TOTAL           Name                               Link     Load   Length     Space
        CLASS   CODE           
                end_init                             19       19        2         0
                cinit                                1B       1B       1D         0
                intentry                              4        4       15         0
                reset_vec                             0        0        2         0
                text39                              E2C      E2C       B6         0
                text38                              9EA      9EA        1         0
                text37                              A31      A31        B         0
                text36                              A13      A13        7         0
                text35                              B07      B07       1F         0
                text34                                2        2        1         0
                text33                              7F5      7F5        B         0
                text32                              A49      A49        F         0
                text31                              A3C      A3C        D         0
                text29                              A21      A21        8         0
                text28                              9EF      9EF        6         0
                text27                              9F5      9F5        6         0
                text26                              9FB      9FB        6         0
                text25                              B46      B46       21         0
                text24                              A1A      A1A        7         0
                text23                              AB2      AB2       1A         0
                text22                              A01      A01        6         0
                text21                              A58      A58       13         0
                text20                              A07      A07        6         0
                text19                              A80      A80       19         0
                text18                              9EB      9EB        4         0
                text17                              A6B      A6B       15         0
                text16                              C41      C41       62         0
                text15                              A99      A99       19         0
                text14                              CA3      CA3       62         0
                text13                              D98      D98       94         0
                text12                              685      685      170         0
                text11                              B26      B26       20         0
                text10                              2C3      2C3      210         0
                text9                               4D3      4D3      1B2         0
                text8                               B67      B67       35         0
                text7                               EE2      EE2      11E         0
                text6                                38       38      28B         0
                text5                               A29      A29        8         0
                text4                               ACC      ACC       1D         0
                text3                               B9C      B9C       52         0
                text2                               AE9      AE9       1E         0
                text1                               D05      D05       93         0
                maintext                            BEE      BEE       53         0
                clrtext                             A0D      A0D        6         0
                idataBANK2                            3        3        1         0

        CLASS   STRCODE        
                stringtext9                         81E      81E        2         0
                stringtext8                         81C      81C        2         0
                stringtext7                         81A      81A        2         0
                stringtext6                         818      818        2         0
                stringtext5                         816      816        2         0
                stringtext4                         812      812        4         0
                stringtext3                         80E      80E        4         0
                stringtext2                         80A      80A        4         0
                stringtext1                         800      800        A         0

        CLASS   STRING         

        CLASS   CONST          

        CLASS   ENTRY          

        CLASS   COMMON         
                cstackCOMMON                         70       70        8         1
                bssCOMMON                            78       78        3         1

        CLASS   BANK0          
                cstackBANK0                          20       20       4E         1
                bssBANK0                             6E       6E        2         1

        CLASS   BANK1          
                cstackBANK1                          A0       A0       18         1
                bssBANK1                             B8       B8        6         1

        CLASS   BANK2          
                dataBANK2                           146      146        1         1
                bssBANK2                            120      120       1C         1
                nvBANK2                             13C      13C        A         1

        CLASS   BANK3          
                cstackBANK3                         1A0      1A0       36         1

        CLASS   BANK4          

        CLASS   BIGRAM         

        CLASS   RAM            

        CLASS   ABS1           
                abs_s1                               7E       7E        2         1

        CLASS   SFR0           

        CLASS   SFR1           

        CLASS   SFR2           

        CLASS   SFR3           

        CLASS   SFR4           

        CLASS   SFR5           

        CLASS   SFR6           

        CLASS   SFR7           

        CLASS   SFR8           

        CLASS   SFR9           

        CLASS   SFR10          

        CLASS   SFR11          

        CLASS   SFR12          

        CLASS   SFR13          

        CLASS   SFR14          

        CLASS   SFR15          

        CLASS   SFR16          

        CLASS   SFR17          

        CLASS   SFR18          

        CLASS   SFR19          

        CLASS   SFR20          

        CLASS   SFR21          

        CLASS   SFR22          

        CLASS   SFR23          

        CLASS   SFR24          

        CLASS   SFR25          

        CLASS   SFR26          

        CLASS   SFR27          

        CLASS   SFR28          

        CLASS   SFR29          

        CLASS   SFR30          

        CLASS   SFR31          

        CLASS   CONFIG         
                config                             8007     8007        2         4

        CLASS   IDLOC          
                idloc                              8000     8000        4         5

        CLASS   EEDATA         

        CLASS   BANK31         

        CLASS   BANK30         

        CLASS   BANK29         

        CLASS   BANK28         

        CLASS   BANK27         

        CLASS   BANK26         

        CLASS   BANK25         

        CLASS   BANK24         

        CLASS   BANK23         

        CLASS   BANK22         

        CLASS   BANK21         

        CLASS   BANK20         

        CLASS   BANK19         

        CLASS   BANK18         

        CLASS   BANK17         

        CLASS   BANK16         

        CLASS   BANK15         

        CLASS   BANK14         

        CLASS   BANK13         

        CLASS   BANK12         

        CLASS   BANK11         

        CLASS   BANK10         

        CLASS   BANK9          

        CLASS   BANK8          

        CLASS   BANK7          

        CLASS   BANK6          

        CLASS   BANK5          

        CLASS   HEAP           

        CLASS   STACK          



SEGMENTS        Name                           Load    Length   Top    Selector   Space  Class     Delta

                reset_vec                      000000  000003  000003         0       0  CODE        2
                idataBANK2                     000003  000001  000004         6       0  CODE        2
                intentry                       000004  0007FC  000800         8       0  CODE        2
                cstackBANK0                    000020  000050  000070        20       1  BANK0       1
                cstackCOMMON                   000070  00000B  00007B        70       1  COMMON      1
                cstackBANK1                    0000A0  00001E  0000BE        A0       1  BANK1       1
                bssBANK2                       000120  000027  000147       120       1  BANK2       1
                cstackBANK3                    0001A0  000036  0001D6       1A0       1  BANK3       1
                stringtext1                    000800  000020  000820      1000       0  STRCODE     2
                text38                         0009EA  000001  0009EB      13D4       0  CODE        2
                text18                         0009EB  000004  0009EF      13D6       0  CODE        2
                text28                         0009EF  000006  0009F5      13DE       0  CODE        2
                text27                         0009F5  000006  0009FB      13EA       0  CODE        2
                text26                         0009FB  000006  000A01      13F6       0  CODE        2
                text22                         000A01  000006  000A07      1402       0  CODE        2
                text20                         000A07  000006  000A0D      140E       0  CODE        2
                clrtext                        000A0D  000006  000A13      141A       0  CODE        2
                text36                         000A13  000007  000A1A      1426       0  CODE        2
                text24                         000A1A  000007  000A21      1434       0  CODE        2
                text29                         000A21  000008  000A29      1442       0  CODE        2
                text5                          000A29  000008  000A31      1452       0  CODE        2
                text37                         000A31  00000B  000A3C      1462       0  CODE        2
                text31                         000A3C  00000D  000A49      1478       0  CODE        2
                text32                         000A49  00000F  000A58      1492       0  CODE        2
                text21                         000A58  000013  000A6B      14B0       0  CODE        2
                text17                         000A6B  000015  000A80      14D6       0  CODE        2
                text19                         000A80  000019  000A99      1500       0  CODE        2
                text15                         000A99  000019  000AB2      1532       0  CODE        2
                text23                         000AB2  00001A  000ACC      1564       0  CODE        2
                text4                          000ACC  00001D  000AE9      1598       0  CODE        2
                text2                          000AE9  00001E  000B07      15D2       0  CODE        2
                text35                         000B07  00001F  000B26      160E       0  CODE        2
                text11                         000B26  000020  000B46      164C       0  CODE        2
                text25                         000B46  000021  000B67      168C       0  CODE        2
                text8                          000B67  000035  000B9C      16CE       0  CODE        2
                text3                          000B9C  000052  000BEE      1738       0  CODE        2
                maintext                       000BEE  000053  000C41      17DC       0  CODE        2
                text16                         000C41  000062  000CA3      1882       0  CODE        2
                text14                         000CA3  000062  000D05      1946       0  CODE        2
                text1                          000D05  000093  000D98      1A0A       0  CODE        2
                text13                         000D98  000094  000E2C      1B30       0  CODE        2
                text39                         000E2C  0000B6  000EE2      1C58       0  CODE        2
                text7                          000EE2  00011E  001000      1DC4       0  CODE        2


UNUSED ADDRESS RANGES

        Name                Unused          Largest block    Delta
        BANK1            000BE-000EF              32           1
        BANK2            00147-0016F              29           1
        BANK3            001D6-001EF              1A           1
        BANK4            00220-0024F              30           1
        BIGRAM           02000-0216F             170           1
        CODE             00820-009E9             1CA           2
        COMMON           0007B-0007D               3           1
        CONST            00820-009E9              E0           2
        EEDATA           0F000-0F0FF             100           2
        ENTRY            00820-009E9              E0           2
        RAM              000BE-000EF              32           1
                         00147-0016F              29
                         001D6-001EF              1A
                         00220-0024F              30
        SFR0             00000-0001F              20           1
        SFR1             00080-0009F              20           1
        SFR10            00500-0056F              70           1
        SFR11            00580-005EF              70           1
        SFR12            00600-0066F              70           1
        SFR13            00680-006EF              70           1
        SFR14            00700-0076F              70           1
        SFR15            00780-007EF              70           1
        SFR16            00800-0086F              70           1
        SFR17            00880-008EF              70           1
        SFR18            00900-0096F              70           1
        SFR19            00980-009EF              70           1
        SFR2             00100-0011F              20           1
        SFR20            00A00-00A6F              70           1
        SFR21            00A80-00AEF              70           1
        SFR22            00B00-00B6F              70           1
        SFR23            00B80-00BEF              70           1
        SFR24            00C00-00C6F              70           1
        SFR25            00C80-00CEF              70           1
        SFR26            00D00-00D6F              70           1
        SFR27            00D80-00DEF              70           1
        SFR28            00E00-00E6F              70           1
        SFR29            00E80-00EEF              70           1
        SFR3             00180-0019F              20           1
        SFR30            00F00-00F6F              70           1
        SFR31            00F80-00FEF              70           1
        SFR4             00200-0021F              20           1
        SFR5             00280-002EF              70           1
        SFR6             00300-0036F              70           1
        SFR7             00380-003EF              70           1
        SFR8             00400-0046F              70           1
        SFR9             00480-004EF              70           1
        STRCODE          00820-009E9             1CA           2
        STRING           00820-009E9              E0           2

                                  Symbol Table

?_ADC_GetConversion                            cstackCOMMON 00073
?__Umul8_16                                    cstackCOMMON 00073
?___awdiv                                      cstackBANK0  00022
?___fladd                                      cstackBANK0  0003F
?___fldiv                                      cstackBANK0  00025
?___flmul                                      cstackBANK0  00053
?___flsub                                      cstackBANK1  000A0
?___fltol                                      cstackCOMMON 00073
?___wmul                                       cstackCOMMON 00073
?___xxtofl                                     cstackCOMMON 00073
?_approximateLog                               cstackBANK1  000A8
ADC_GetConversion@channel                      cstackCOMMON 00076
EUSART_SetErrorHandler@interruptHandler        cstackCOMMON 00073
EUSART_SetFramingErrorHandler@interruptHandler cstackCOMMON 00073
EUSART_SetOverrunErrorHandler@interruptHandler cstackCOMMON 00073
EUSART_Write@txData                            cstackCOMMON 00073
TMR0_SetInterruptHandler@InterruptHandler      cstackCOMMON 00073
TMR1_SetInterruptHandler@InterruptHandler      cstackCOMMON 00073
TMR1_WriteTimer@timerVal                       cstackCOMMON 00070
WriteString@i                                  cstackCOMMON 00075
WriteString@input                              cstackCOMMON 00077
_ADCON0                                        (abs)        0009D
_ADCON0bits                                    (abs)        0009D
_ADCON1                                        (abs)        0009E
_ADC_GetConversion                             text15       00A99
_ADC_Initialize                                text29       00A21
_ADRESH                                        (abs)        0009C
_ADRESL                                        (abs)        0009B
_ANSELA                                        (abs)        0018C
_ANSELB                                        (abs)        0018D
_APFCON0                                       (abs)        0011D
_APFCON1                                       (abs)        0011E
_BAUDCON                                       (abs)        0019F
_BORCON                                        (abs)        00116
_CURRENT_MODE                                  bssCOMMON    00078
_DISP_STATE                                    bssBANK2     00122
_EEADRH                                        (abs)        00192
_EEADRL                                        (abs)        00191
_EECON1bits                                    (abs)        00195
_EECON2                                        (abs)        00196
_EEDATH                                        (abs)        00194
_EEDATL                                        (abs)        00193
_EUSART_DefaultErrorHandler                    (abs)        00000
_EUSART_DefaultFramingErrorHandler             (abs)        00000
_EUSART_DefaultOverrunErrorHandler             (abs)        00000
_EUSART_ErrorHandler                           nvBANK2      0013C
_EUSART_FramingErrorHandler                    nvBANK2      00140
_EUSART_Initialize                             text25       00B46
_EUSART_OverrunErrorHandler                    nvBANK2      0013E
_EUSART_SetErrorHandler                        text28       009EF
_EUSART_SetFramingErrorHandler                 text27       009F5
_EUSART_SetOverrunErrorHandler                 text26       009FB
_EUSART_Write                                  text5        00A29
_HEAT_CALL_TICKS                               bssBANK1     000B8
_INTCONbits                                    (abs)        0000B
_INTERRUPT_InterruptManager                    intentry     00004
_LATA                                          (abs)        0010C
_LATAbits                                      (abs)        0010C
_LATB                                          (abs)        0010D
_LATBbits                                      (abs)        0010D
_LOGIC_FLAG                                    bssBANK2     00126
_LOGIC_TICK                                    bssBANK0     0006E
_OPTION_REG                                    (abs)        00095
_OPTION_REGbits                                (abs)        00095
_OSCCON                                        (abs)        00099
_OSCILLATOR_Initialize                         text24       00A1A
_OSCTUNE                                       (abs)        00098
_PIE1bits                                      (abs)        00091
_PIN_MANAGER_Initialize                        text23       00AB2
_PIR1bits                                      (abs)        00011
_PORTAbits                                     (abs)        0000C
_PORTBbits                                     (abs)        0000D
_RCREG                                         (abs)        00199
_RCSTA                                         (abs)        0019D
_RCSTAbits                                     (abs)        0019D
_READ_FLAG                                     bssBANK2     00128
_RELAY_STATUS                                  bssBANK0     0006F
_SETPOINTS                                     stringtext1  00800
_SPBRGH                                        (abs)        0019C
_SPBRGL                                        (abs)        0019B
_SYSTEM_Initialize                             text17       00A6B
_T1CON                                         (abs)        00018
_T1CONbits                                     (abs)        00018
_T1GCON                                        (abs)        00019
_T1GCONbits                                    (abs)        00019
_TEMP                                          bssBANK1     000BA
_TMR0                                          (abs)        00015
_TMR0_CallBack                                 text37       00A31
_TMR0_DefaultInterruptHandler                  text38       009EA
_TMR0_ISR                                      text36       00A13
_TMR0_Initialize                               text21       00A58
_TMR0_InterruptHandler                         nvBANK2      00144
_TMR0_SetInterruptHandler                      text22       00A01
_TMR1H                                         (abs)        00017
_TMR1L                                         (abs)        00016
_TMR1_CallBack                                 text33       007F5
_TMR1_DefaultInterruptHandler                  text34       00002
_TMR1_ISR                                      text31       00A3C
_TMR1_Initialize                               text19       00A80
_TMR1_InterruptHandler                         nvBANK2      00142
_TMR1_SetInterruptHandler                      text20       00A07
_TMR1_WriteTimer                               text32       00A49
_TRISA                                         (abs)        0008C
_TRISAbits                                     (abs)        0008C
_TRISB                                         (abs)        0008D
_TRISBbits                                     (abs)        0008D
_TXREG                                         (abs)        0019A
_TXSTA                                         (abs)        0019E
_TXSTAbits                                     (abs)        0019E
_UART_FLAG                                     bssBANK2     00127
_WDTCON                                        (abs)        00097
_WDT_Initialize                                text18       009EB
_WPUA                                          (abs)        0020C
_WPUB                                          (abs)        0020D
_WriteString                                   text4        00ACC
__ControlHeat                                  text16       00C41
__H__absolute__                                __absolute__ 00000
__Habs1                                        abs1         00000
__Hbank0                                       bank0        00000
__Hbank1                                       bank1        00000
__Hbank10                                      bank10       00000
__Hbank11                                      bank11       00000
__Hbank12                                      bank12       00000
__Hbank13                                      bank13       00000
__Hbank14                                      bank14       00000
__Hbank15                                      bank15       00000
__Hbank16                                      bank16       00000
__Hbank17                                      bank17       00000
__Hbank18                                      bank18       00000
__Hbank19                                      bank19       00000
__Hbank2                                       bank2        00000
__Hbank20                                      bank20       00000
__Hbank21                                      bank21       00000
__Hbank22                                      bank22       00000
__Hbank23                                      bank23       00000
__Hbank24                                      bank24       00000
__Hbank25                                      bank25       00000
__Hbank26                                      bank26       00000
__Hbank27                                      bank27       00000
__Hbank28                                      bank28       00000
__Hbank29                                      bank29       00000
__Hbank3                                       bank3        00000
__Hbank30                                      bank30       00000
__Hbank31                                      bank31       00000
__Hbank4                                       bank4        00000
__Hbank5                                       bank5        00000
__Hbank6                                       bank6        00000
__Hbank7                                       bank7        00000
__Hbank8                                       bank8        00000
__Hbank9                                       bank9        00000
__Hbigram                                      bigram       00000
__HbssBANK0                                    bssBANK0     00000
__HbssBANK1                                    bssBANK1     00000
__HbssBANK2                                    bssBANK2     00000
__HbssCOMMON                                   bssCOMMON    00000
__Hcinit                                       cinit        00038
__Hclrtext                                     clrtext      00000
__Hcode                                        code         00000
__Hcommon                                      common       00000
__Hconfig                                      config       08009
__HcstackBANK0                                 cstackBANK0  00000
__HcstackBANK1                                 cstackBANK1  00000
__HcstackBANK3                                 cstackBANK3  00000
__HcstackCOMMON                                cstackCOMMON 00000
__HdataBANK2                                   dataBANK2    00000
__Heeprom_data                                 eeprom_data  00000
__Hend_init                                    end_init     0001B
__Hfunctab                                     functab      00000
__Hheap                                        heap         00000
__HidataBANK2                                  idataBANK2   00000
__Hidloc                                       idloc        08004
__Hinit                                        init         00019
__Hintentry                                    intentry     00019
__Hmaintext                                    maintext     00000
__HnvBANK2                                     nvBANK2      00000
__Hpowerup                                     powerup      00000
__Hram                                         ram          00000
__Hreset_vec                                   reset_vec    00002
__Hsfr0                                        sfr0         00000
__Hsfr1                                        sfr1         00000
__Hsfr10                                       sfr10        00000
__Hsfr11                                       sfr11        00000
__Hsfr12                                       sfr12        00000
__Hsfr13                                       sfr13        00000
__Hsfr14                                       sfr14        00000
__Hsfr15                                       sfr15        00000
__Hsfr16                                       sfr16        00000
__Hsfr17                                       sfr17        00000
__Hsfr18                                       sfr18        00000
__Hsfr19                                       sfr19        00000
__Hsfr2                                        sfr2         00000
__Hsfr20                                       sfr20        00000
__Hsfr21                                       sfr21        00000
__Hsfr22                                       sfr22        00000
__Hsfr23                                       sfr23        00000
__Hsfr24                                       sfr24        00000
__Hsfr25                                       sfr25        00000
__Hsfr26                                       sfr26        00000
__Hsfr27                                       sfr27        00000
__Hsfr28                                       sfr28        00000
__Hsfr29                                       sfr29        00000
__Hsfr3                                        sfr3         00000
__Hsfr30                                       sfr30        00000
__Hsfr31                                       sfr31        00000
__Hsfr4                                        sfr4         00000
__Hsfr5                                        sfr5         00000
__Hsfr6                                        sfr6         00000
__Hsfr7                                        sfr7         00000
__Hsfr8                                        sfr8         00000
__Hsfr9                                        sfr9         00000
__Hspace_0                                     (abs)        01000
__Hspace_1                                     (abs)        001D6
__Hspace_2                                     (abs)        00000
__Hspace_3                                     (abs)        00000
__Hspace_4                                     (abs)        10010
__Hstack                                       stack        00000
__Hstrings                                     strings      00000
__Hstringtext1                                 stringtext1  00000
__Hstringtext2                                 stringtext2  00000
__Hstringtext3                                 stringtext3  00000
__Hstringtext4                                 stringtext4  00000
__Hstringtext5                                 stringtext5  00000
__Hstringtext6                                 stringtext6  00000
__Hstringtext7                                 stringtext7  00000
__Hstringtext8                                 stringtext8  00000
__Hstringtext9                                 stringtext9  00000
__Htext                                        text         00000
__L__absolute__                                __absolute__ 00000
__Labs1                                        abs1         00000
__LastDownState                                bssBANK2     0012A
__LastUpState                                  dataBANK2    00146
__Lbank0                                       bank0        00000
__Lbank1                                       bank1        00000
__Lbank10                                      bank10       00000
__Lbank11                                      bank11       00000
__Lbank12                                      bank12       00000
__Lbank13                                      bank13       00000
__Lbank14                                      bank14       00000
__Lbank15                                      bank15       00000
__Lbank16                                      bank16       00000
__Lbank17                                      bank17       00000
__Lbank18                                      bank18       00000
__Lbank19                                      bank19       00000
__Lbank2                                       bank2        00000
__Lbank20                                      bank20       00000
__Lbank21                                      bank21       00000
__Lbank22                                      bank22       00000
__Lbank23                                      bank23       00000
__Lbank24                                      bank24       00000
__Lbank25                                      bank25       00000
__Lbank26                                      bank26       00000
__Lbank27                                      bank27       00000
__Lbank28                                      bank28       00000
__Lbank29                                      bank29       00000
__Lbank3                                       bank3        00000
__Lbank30                                      bank30       00000
__Lbank31                                      bank31       00000
__Lbank4                                       bank4        00000
__Lbank5                                       bank5        00000
__Lbank6                                       bank6        00000
__Lbank7                                       bank7        00000
__Lbank8                                       bank8        00000
__Lbank9                                       bank9        00000
__Lbigram                                      bigram       00000
__LbssBANK0                                    bssBANK0     00000
__LbssBANK1                                    bssBANK1     00000
__LbssBANK2                                    bssBANK2     00000
__LbssCOMMON                                   bssCOMMON    00000
__Lcinit                                       cinit        0001B
__Lclrtext                                     clrtext      00000
__Lcode                                        code         00000
__Lcommon                                      common       00000
__Lconfig                                      config       00000
__LcstackBANK0                                 cstackBANK0  00000
__LcstackBANK1                                 cstackBANK1  00000
__LcstackBANK3                                 cstackBANK3  00000
__LcstackCOMMON                                cstackCOMMON 00000
__LdataBANK2                                   dataBANK2    00000
__Leeprom_data                                 eeprom_data  00000
__Lend_init                                    end_init     00019
__Lfunctab                                     functab      00000
__Lheap                                        heap         00000
__LidataBANK2                                  idataBANK2   00000
__Lidloc                                       idloc        00000
__Linit                                        init         00019
__Lintentry                                    intentry     00004
__Lmaintext                                    maintext     00000
__LnvBANK2                                     nvBANK2      00000
__LogicControlISR                              text35       00B07
__Lpowerup                                     powerup      00000
__Lram                                         ram          00000
__Lreset_vec                                   reset_vec    00000
__Lsfr0                                        sfr0         00000
__Lsfr1                                        sfr1         00000
__Lsfr10                                       sfr10        00000
__Lsfr11                                       sfr11        00000
__Lsfr12                                       sfr12        00000
__Lsfr13                                       sfr13        00000
__Lsfr14                                       sfr14        00000
__Lsfr15                                       sfr15        00000
__Lsfr16                                       sfr16        00000
__Lsfr17                                       sfr17        00000
__Lsfr18                                       sfr18        00000
__Lsfr19                                       sfr19        00000
__Lsfr2                                        sfr2         00000
__Lsfr20                                       sfr20        00000
__Lsfr21                                       sfr21        00000
__Lsfr22                                       sfr22        00000
__Lsfr23                                       sfr23        00000
__Lsfr24                                       sfr24        00000
__Lsfr25                                       sfr25        00000
__Lsfr26                                       sfr26        00000
__Lsfr27                                       sfr27        00000
__Lsfr28                                       sfr28        00000
__Lsfr29                                       sfr29        00000
__Lsfr3                                        sfr3         00000
__Lsfr30                                       sfr30        00000
__Lsfr31                                       sfr31        00000
__Lsfr4                                        sfr4         00000
__Lsfr5                                        sfr5         00000
__Lsfr6                                        sfr6         00000
__Lsfr7                                        sfr7         00000
__Lsfr8                                        sfr8         00000
__Lsfr9                                        sfr9         00000
__Lspace_0                                     (abs)        00000
__Lspace_1                                     (abs)        00000
__Lspace_2                                     (abs)        00000
__Lspace_3                                     (abs)        00000
__Lspace_4                                     (abs)        00000
__Lstack                                       stack        00000
__Lstrings                                     strings      00000
__Lstringtext1                                 stringtext1  00000
__Lstringtext2                                 stringtext2  00000
__Lstringtext3                                 stringtext3  00000
__Lstringtext4                                 stringtext4  00000
__Lstringtext5                                 stringtext5  00000
__Lstringtext6                                 stringtext6  00000
__Lstringtext7                                 stringtext7  00000
__Lstringtext8                                 stringtext8  00000
__Lstringtext9                                 stringtext9  00000
__Ltext                                        text         00000
__ReadSensor                                   text6        00038
__ReadSensor$1707                              cstackBANK3  001C0
__ReadSensor$1708                              cstackBANK3  001C4
__ReadSensor$1709                              cstackBANK3  001C8
__ReadSensor$1710                              cstackBANK3  001CC
__ReadSensor@Rntc                              cstackBANK3  001AC
__ReadSensor@Rpullup                           cstackBANK3  001A4
__ReadSensor@T                                 cstackBANK3  001B4
__ReadSensor@Tc                                cstackBANK3  001B8
__ReadSensor@Tf                                cstackBANK3  001BC
__ReadSensor@Vcc                               cstackBANK3  001A8
__ReadSensor@Vout                              cstackBANK3  001A0
__ReadSensor@adcValue                          cstackBANK3  001D0
__ReadSensor@invT                              cstackBANK3  001B0
__ReadSensor@logR                              cstackBANK3  001D2
__S0                                           (abs)        01000
__S1                                           (abs)        001D6
__S3                                           (abs)        00000
__SendDataToConsole                            text1        00D05
__SendDataToConsole@huns                       cstackBANK0  00032
__SendDataToConsole@ones                       cstackBANK0  0002E
__SendDataToConsole@tens                       cstackBANK0  00030
__UIControlISR                                 text39       00E2C
__UIControlISR@btnDnRead                       cstackCOMMON 00072
__UIControlISR@btnUpRead                       cstackCOMMON 00071
__Umul8_16                                     text11       00B26
__Umul8_16@multiplicand                        cstackCOMMON 00073
__Umul8_16@multiplier                          cstackBANK0  00024
__Umul8_16@product                             cstackBANK0  00020
__Umul8_16@word_mpld                           cstackBANK0  00022
___awdiv                                       text3        00B9C
___awdiv@counter                               cstackBANK0  00026
___awdiv@dividend                              cstackBANK0  00024
___awdiv@divisor                               cstackBANK0  00022
___awdiv@quotient                              cstackBANK0  00028
___awdiv@sign                                  cstackBANK0  00027
___fladd                                       text9        004D3
___fladd@a                                     cstackBANK0  00043
___fladd@aexp                                  cstackBANK0  00050
___fladd@b                                     cstackBANK0  0003F
___fladd@bexp                                  cstackBANK0  00051
___fladd@grs                                   cstackBANK0  00052
___fladd@signs                                 cstackBANK0  0004F
___fldiv                                       text12       00685
___fldiv@a                                     cstackBANK0  00025
___fldiv@aexp                                  cstackBANK0  0003E
___fldiv@b                                     cstackBANK0  00029
___fldiv@bexp                                  cstackBANK0  0003D
___fldiv@grs                                   cstackBANK0  00039
___fldiv@new_exp                               cstackBANK0  00037
___fldiv@rem                                   cstackBANK0  00032
___fldiv@sign                                  cstackBANK0  00036
___flmul                                       text10       002C3
___flmul@a                                     cstackBANK0  00057
___flmul@aexp                                  cstackBANK0  00061
___flmul@b                                     cstackBANK0  00053
___flmul@bexp                                  cstackBANK0  00066
___flmul@grs                                   cstackBANK0  00062
___flmul@prod                                  cstackBANK0  00067
___flmul@sign                                  cstackBANK0  00060
___flmul@temp                                  cstackBANK0  0006B
___flsub                                       text8        00B67
___flsub@a                                     cstackBANK1  000A0
___flsub@b                                     cstackBANK1  000A4
___fltol                                       text14       00CA3
___fltol@exp1                                  cstackBANK0  00025
___fltol@f1                                    cstackCOMMON 00073
___fltol@sign1                                 cstackBANK0  00024
___heap_hi                                     (abs)        00000
___heap_lo                                     (abs)        00000
___int_sp                                      stack        00000
___latbits                                     (abs)        00001
___sp                                          stack        00000
___stackhi                                     (abs)        00000
___stacklo                                     (abs)        00000
___wmul                                        text2        00AE9
___wmul@multiplicand                           cstackCOMMON 00075
___wmul@multiplier                             cstackCOMMON 00073
___wmul@product                                cstackBANK0  00020
___xxtofl                                      text13       00D98
___xxtofl@arg                                  cstackBANK0  00026
___xxtofl@exp                                  cstackBANK0  00025
___xxtofl@sign                                 cstackBANK0  00024
___xxtofl@val                                  cstackCOMMON 00073
__end_of_A                                     stringtext4  00816
__end_of_ADC_GetConversion                     text15       00AB2
__end_of_ADC_Initialize                        text29       00A29
__end_of_B                                     stringtext3  00812
__end_of_C                                     stringtext2  0080E
__end_of_EUSART_Initialize                     text25       00B67
__end_of_EUSART_SetErrorHandler                text28       009F5
__end_of_EUSART_SetFramingErrorHandler         text27       009FB
__end_of_EUSART_SetOverrunErrorHandler         text26       00A01
__end_of_EUSART_Write                          text5        00A31
__end_of_INTERRUPT_InterruptManager            intentry     00019
__end_of_MIN_IDLE_TIME                         stringtext8  0081E
__end_of_MIN_RUN_TIME                          stringtext9  00820
__end_of_ONE_SECOND                            stringtext5  00818
__end_of_OSCILLATOR_Initialize                 text24       00A21
__end_of_PIN_MANAGER_Initialize                text23       00ACC
__end_of_SETPOINTS                             stringtext1  0080A
__end_of_SHUT_OFF                              stringtext7  0081C
__end_of_SYSTEM_Initialize                     text17       00A80
__end_of_TMR0_CallBack                         text37       00A3C
__end_of_TMR0_DefaultInterruptHandler          text38       009EB
__end_of_TMR0_ISR                              text36       00A1A
__end_of_TMR0_Initialize                       text21       00A6B
__end_of_TMR0_SetInterruptHandler              text22       00A07
__end_of_TMR1_CallBack                         text33       00800
__end_of_TMR1_DefaultInterruptHandler          text34       00003
__end_of_TMR1_ISR                              text31       00A49
__end_of_TMR1_Initialize                       text19       00A99
__end_of_TMR1_SetInterruptHandler              text20       00A0D
__end_of_TMR1_WriteTimer                       text32       00A58
__end_of_TURN_ON                               stringtext6  0081A
__end_of_WDT_Initialize                        text18       009EF
__end_of_WriteString                           text4        00AE9
__end_of__ControlHeat                          text16       00CA3
__end_of__LogicControlISR                      text35       00B26
__end_of__ReadSensor                           text6        002C3
__end_of__SendDataToConsole                    text1        00D98
__end_of__UIControlISR                         text39       00EE2
__end_of__Umul8_16                             text11       00B46
__end_of___awdiv                               text3        00BEE
__end_of___fladd                               text9        00685
__end_of___fldiv                               text12       007F5
__end_of___flmul                               text10       004D3
__end_of___flsub                               text8        00B9C
__end_of___fltol                               text14       00D05
__end_of___wmul                                text2        00B07
__end_of___xxtofl                              text13       00E2C
__end_of__initialization                       cinit        00034
__end_of_approximateLog                        text7        01000
__end_of_main                                  maintext     00C41
__initialization                               cinit        0001B
__pbssBANK0                                    bssBANK0     0006E
__pbssBANK1                                    bssBANK1     000B8
__pbssBANK2                                    bssBANK2     00120
__pbssCOMMON                                   bssCOMMON    00078
__pcstackBANK0                                 cstackBANK0  00020
__pcstackBANK1                                 cstackBANK1  000A0
__pcstackBANK3                                 cstackBANK3  001A0
__pcstackCOMMON                                cstackCOMMON 00070
__pdataBANK2                                   dataBANK2    00146
__pidataBANK2                                  idataBANK2   00003
__pintentry                                    intentry     00004
__pmaintext                                    maintext     00BEE
__pnvBANK2                                     nvBANK2      0013C
__pstringtext1                                 stringtext1  00800
__pstringtext2                                 stringtext2  0080A
__pstringtext3                                 stringtext3  0080E
__pstringtext4                                 stringtext4  00812
__pstringtext5                                 stringtext5  00816
__pstringtext6                                 stringtext6  00818
__pstringtext7                                 stringtext7  0081A
__pstringtext8                                 stringtext8  0081C
__pstringtext9                                 stringtext9  0081E
__ptext1                                       text1        00D05
__ptext10                                      text10       002C3
__ptext11                                      text11       00B26
__ptext12                                      text12       00685
__ptext13                                      text13       00D98
__ptext14                                      text14       00CA3
__ptext15                                      text15       00A99
__ptext16                                      text16       00C41
__ptext17                                      text17       00A6B
__ptext18                                      text18       009EB
__ptext19                                      text19       00A80
__ptext2                                       text2        00AE9
__ptext20                                      text20       00A07
__ptext21                                      text21       00A58
__ptext22                                      text22       00A01
__ptext23                                      text23       00AB2
__ptext24                                      text24       00A1A
__ptext25                                      text25       00B46
__ptext26                                      text26       009FB
__ptext27                                      text27       009F5
__ptext28                                      text28       009EF
__ptext29                                      text29       00A21
__ptext3                                       text3        00B9C
__ptext31                                      text31       00A3C
__ptext32                                      text32       00A49
__ptext33                                      text33       007F5
__ptext34                                      text34       00002
__ptext35                                      text35       00B07
__ptext36                                      text36       00A13
__ptext37                                      text37       00A31
__ptext38                                      text38       009EA
__ptext39                                      text39       00E2C
__ptext4                                       text4        00ACC
__ptext5                                       text5        00A29
__ptext6                                       text6        00038
__ptext7                                       text7        00EE2
__ptext8                                       text8        00B67
__ptext9                                       text9        004D3
_approximateLog                                text7        00EE2
_approximateLog$1711                           cstackBANK1  000AC
_approximateLog$1712                           cstackBANK1  000B0
_displayString                                 bssBANK2     0012C
_eusartRxLastError                             bssBANK2     0012B
_main                                          maintext     00BEE
_timer0ReloadVal                               bssCOMMON    0007A
_timer1ReloadVal                               bssBANK1     000BC
approximateLog@x                               cstackBANK1  000A8
approximateLog@y                               cstackBANK1  000B4
btemp                                          (abs)        0007E
clear_ram0                                     clrtext      00A0D
end_of_initialization                          cinit        00034
int$flags                                      (abs)        0007E
intlevel0                                      functab      00000
intlevel1                                      functab      00000
intlevel2                                      functab      00000
intlevel3                                      functab      00000
intlevel4                                      functab      00000
intlevel5                                      functab      00000
main@savedRelay                                cstackBANK0  0006D
reset_vec                                      reset_vec    00000
start                                          init         00019
start_initialization                           cinit        0001B
wtemp0                                         (abs)        0007E


MODULE INFORMATION

Module		Function		Class		Link	Load	Size
C:\Program Files\Microchip\xc8\v2.41\pic\sources\c99\common\Umul8_16.c
		__Umul8_16     		CODE           	0B26	0000	32

C:\Program Files\Microchip\xc8\v2.41\pic\sources\c99\common\Umul8_16.c estimated size: 32

C:\Program Files\Microchip\xc8\v2.41\pic\sources\c99\common\fltol.c
		___fltol       		CODE           	0CA3	0000	98

C:\Program Files\Microchip\xc8\v2.41\pic\sources\c99\common\fltol.c estimated size: 98

C:\Program Files\Microchip\xc8\v2.41\pic\sources\c99\common\xxtofl.c
		___xxtofl      		CODE           	0D98	0000	148

C:\Program Files\Microchip\xc8\v2.41\pic\sources\c99\common\xxtofl.c estimated size: 148

mcc_generated_files/interrupt_manager.c
		_INTERRUPT_InterruptManager		CODE           	0004	0000	21

mcc_generated_files/interrupt_manager.c estimated size: 21

mcc_generated_files/tmr0.c
		_TMR0_SetInterruptHandler		CODE           	0A01	0000	6
		_TMR0_DefaultInterruptHandler		CODE           	09EA	0000	1
		_TMR0_CallBack 		CODE           	0A31	0000	11
		_TMR0_ISR      		CODE           	0A13	0000	7
		_TMR0_Initialize		CODE           	0A58	0000	19

mcc_generated_files/tmr0.c estimated size: 44

mcc_generated_files/pin_manager.c
		_PIN_MANAGER_Initialize		CODE           	0AB2	0000	26

mcc_generated_files/pin_manager.c estimated size: 26

C:\Program Files\Microchip\xc8\v2.41\pic\sources\c99\common\sprcadd.c
		___flsub       		CODE           	0B67	0000	53
		___fladd       		CODE           	04D3	0000	434

C:\Program Files\Microchip\xc8\v2.41\pic\sources\c99\common\sprcadd.c estimated size: 487

C:\Program Files\Microchip\xc8\v2.41\pic\sources\c99\common\awdiv.c
		___awdiv       		CODE           	0B9C	0000	82

C:\Program Files\Microchip\xc8\v2.41\pic\sources\c99\common\awdiv.c estimated size: 82

mcc_generated_files/adc.c
		_ADC_Initialize		CODE           	0A21	0000	8
		_ADC_GetConversion		CODE           	0A99	0000	25

mcc_generated_files/adc.c estimated size: 33

shared
		_MIN_RUN_TIME  		STRCODE        	0000	0000	0
		_SHUT_OFF      		STRCODE        	0000	0000	0
		_TURN_ON       		STRCODE        	0000	0000	0
		_SETPOINTS     		STRCODE        	0800	0000	10
		_MIN_IDLE_TIME 		STRCODE        	0000	0000	0
		__initialization		CODE           	001B	0000	25
		_A             		STRCODE        	0000	0000	0
		_B             		STRCODE        	0000	0000	0
		_C             		STRCODE        	0000	0000	0
		_ONE_SECOND    		STRCODE        	0000	0000	0

shared estimated size: 35

mcc_generated_files/mcc.c
		_WDT_Initialize		CODE           	09EB	0000	4
		_OSCILLATOR_Initialize		CODE           	0A1A	0000	7
		_SYSTEM_Initialize		CODE           	0A6B	0000	21

mcc_generated_files/mcc.c estimated size: 32

mcc_generated_files/tmr1.c
		_TMR1_Initialize		CODE           	0A80	0000	25
		_TMR1_SetInterruptHandler		CODE           	0A07	0000	6
		_TMR1_DefaultInterruptHandler		CODE           	0002	0000	1
		_TMR1_CallBack 		CODE           	07F5	0000	11
		_TMR1_WriteTimer		CODE           	0A49	0000	15
		_TMR1_ISR      		CODE           	0A3C	0000	13

mcc_generated_files/tmr1.c estimated size: 71

C:\Program Files\Microchip\xc8\v2.41\pic\sources\c99\common\Umul16.c
		___wmul        		CODE           	0AE9	0000	30

C:\Program Files\Microchip\xc8\v2.41\pic\sources\c99\common\Umul16.c estimated size: 30

mcc_generated_files/eusart.c
		_EUSART_Write  		CODE           	0A29	0000	8
		_EUSART_Initialize		CODE           	0B46	0000	33
		_EUSART_SetFramingErrorHandler		CODE           	09F5	0000	6
		_EUSART_SetErrorHandler		CODE           	09EF	0000	6
		_EUSART_SetOverrunErrorHandler		CODE           	09FB	0000	6

mcc_generated_files/eusart.c estimated size: 59

main.c
		_approximateLog		CODE           	0EE2	0000	286
		_main          		CODE           	0BEE	0000	83
		__ControlHeat  		CODE           	0C41	0000	98
		__LogicControlISR		CODE           	0B07	0000	31
		__SendDataToConsole		CODE           	0D05	0000	147
		__UIControlISR 		CODE           	0E2C	0000	182
		_WriteString   		CODE           	0ACC	0000	29
		__ReadSensor   		CODE           	0038	0000	651

main.c estimated size: 1507

C:\Program Files\Microchip\xc8\v2.41\pic\sources\c99\common\sprcmul.c
		___flmul       		CODE           	02C3	0000	528

C:\Program Files\Microchip\xc8\v2.41\pic\sources\c99\common\sprcmul.c estimated size: 528

C:\Program Files\Microchip\xc8\v2.41\pic\sources\c99\common\sprcdiv.c
		___fldiv       		CODE           	0685	0000	368

C:\Program Files\Microchip\xc8\v2.41\pic\sources\c99\common\sprcdiv.c estimated size: 368

