Microchip MPLAB XC8 Compiler V2.41

Linker command line:

-W-3 \
  --edf=C:\Program Files\Microchip\xc8\v2.41\pic\dat\20230208172133_en.msgs \
  -cn -h+dist/default/production\edenpure.X.production.sym \
  --cmf=dist/default/production\edenpure.X.production.cmf -z -Q16F1847 \
  -oC:\Users\colby\AppData\Local\Temp\xcAs4ko.\driver_tmp_3.o \
  --defsym=__MPLAB_BUILD=1 --fixupoverflow=error \
  -Mdist/default/production/edenpure.X.production.map \
  --md=C:\Users\colby\AppData\Local\Temp\xcAs4ko.\driver_tmp_0.dat -E1 \
  -ver=XC8 Compiler --acfsm=1493 -ACODE=00h-07FFhx4 -ASTRCODE=00h-01FFFh \
  -ASTRING=00h-0FFhx32 -ACONST=00h-0FFhx32 -AENTRY=00h-0FFhx32 \
  -ACOMMON=070h-07Fh -ABANK0=020h-06Fh -ABANK1=0A0h-0EFh \
  -ABANK2=0120h-016Fh -ABANK3=01A0h-01EFh -ABANK4=0220h-026Fh \
  -ABANK5=02A0h-02EFh -ABANK6=0320h-036Fh -ABANK7=03A0h-03EFh \
  -ABANK8=0420h-046Fh -ABANK9=04A0h-04EFh -ABANK10=0520h-056Fh \
  -ABANK11=05A0h-05EFh -ABANK12=0620h-064Fh -ABIGRAM=02000h-023EFh \
  -ARAM=020h-06Fh,0A0h-0EFh,0120h-016Fh,01A0h-01EFh,0220h-026Fh,02A0h-02EFh,0320h-036Fh,03A0h-03EFh,0420h-046Fh,04A0h-04EFh,0520h-056Fh,05A0h-05EFh,0620h-064Fh \
  -AABS1=020h-07Fh,0A0h-0EFh,0120h-016Fh,01A0h-01EFh,0220h-026Fh,02A0h-02EFh,0320h-036Fh,03A0h-03EFh,0420h-046Fh,04A0h-04EFh,0520h-056Fh,05A0h-05EFh,0620h-064Fh \
  -ASFR0=00h-01Fh -ASFR1=080h-09Fh -ASFR2=0100h-011Fh -ASFR3=0180h-019Fh \
  -ASFR4=0200h-021Fh -ASFR5=0280h-029Fh -ASFR6=0300h-031Fh \
  -ASFR7=0380h-039Fh -ASFR8=0400h-041Fh -ASFR9=0480h-049Fh \
  -ASFR10=0500h-051Fh -ASFR11=0580h-059Fh -ASFR12=0600h-061Fh \
  -ASFR13=0680h-06EFh -ASFR14=0700h-076Fh -ASFR15=0780h-07EFh \
  -ASFR16=0800h-086Fh -ASFR17=0880h-08EFh -ASFR18=0900h-096Fh \
  -ASFR19=0980h-09EFh -ASFR20=0A00h-0A6Fh -ASFR21=0A80h-0AEFh \
  -ASFR22=0B00h-0B6Fh -ASFR23=0B80h-0BEFh -ASFR24=0C00h-0C6Fh \
  -ASFR25=0C80h-0CEFh -ASFR26=0D00h-0D6Fh -ASFR27=0D80h-0DEFh \
  -ASFR28=0E00h-0E6Fh -ASFR29=0E80h-0EEFh -ASFR30=0F00h-0F6Fh \
  -ASFR31=0F80h-0FEFh -ACONFIG=08007h-08008h -DCONFIG=2 \
  -AIDLOC=08000h-08003h -DIDLOC=2 -AEEDATA=00h-0FFh/0F000h \
  -peeprom_data=EEDATA -DEEDATA=2 -DCODE=2 -DSTRCODE=2 -DSTRING=2 -DCONST=2 \
  -DENTRY=2 -preset_vec=00h,intentry=04h,init,end_init -ppowerup=CODE \
  -pcinit=CODE -pfunctab=ENTRY -k \
  C:\Users\colby\AppData\Local\Temp\xcAs4ko.\driver_tmp_15.o \
  dist/default/production\edenpure.X.production.o 

Object code version is 3.11

Machine type is 16F1847



                Name                               Link     Load   Length Selector   Space Scale
C:\Users\colby\AppData\Local\Temp\xcAs4ko.\driver_tmp_15.o
                end_init                             23       23        2        8       0
                reset_vec                             0        0        2        0       0
                config                             8007     8007        2        0       4
                idloc                              8000     8000        4        0       5
dist/default/production\edenpure.X.production.o
                cinit                                25       25       2A        8       0
                intentry                              4        4       1F        8       0
                eeprom_data                           0     F000       10    1E000       3
                config                             8007     8007        2        0       4
                idloc                              8000     8000        4        0       5
                text49                             1732     1732        8     2E64       0
                text48                              B52      B52       C2     16A4       0
                text47                             16EE     16EE        1     2DDC       0
                text46                             1754     1754        B     2EA8       0
                text45                             1724     1724        7     2E48       0
                text44                              8BD      8BD       26     117A       0
                text43                             16EF     16EF        1     2DDE       0
                text42                             175F     175F        B     2EBE       0
                text41                             1782     1782        F     2F04       0
                text40                             1775     1775        D     2EEA       0
                text39                              8E3      8E3       42     11C6       0
                text38                             16F0     16F0        1     2DE0       0
                text37                             176A     176A        B     2ED4       0
                text36                             16F5     16F5        5     2DEA       0
                text34                              7F3      7F3        D        8       0
                text33                              89A      89A       23     1134       0
                text32                             173A     173A        8     2E74       0
                text31                             16FA     16FA        6     2DF4       0
                text30                             1700     1700        6     2E00       0
                text29                             1706     1706        6     2E0C       0
                text28                              879      879       21     10F2       0
                text27                             172B     172B        7     2E56       0
                text26                             17E6     17E6       1A     2FCC       0
                text25                             170C     170C        6     2E18       0
                text24                             17A2     17A2       13     2F44       0
                text23                             1712     1712        6     2E24       0
                text22                             17CD     17CD       19     2F9A       0
                text21                             1718     1718        6     2E30       0
                text20                             1791     1791       11     2F22       0
                text19                             16F1     16F1        4     2DE2       0
                text18                             17B5     17B5       18     2F6A       0
                text17                             1742     1742        8     2E84       0
                text16                              9D9      9D9       69     13B2       0
                text15                              802      802       1C     1004       0
                text14                              977      977       62     12EE       0
                text13                              CDE      CDE      170     19BC       0
                text12                              A42      A42       7C     1484       0
                text11                              859      859       20     10B2       0
                text10                               4F       4F      29F        8       0
                text9                              174A     174A        A     2E94       0
                text8                               E4E      E4E      1B2     1C9C       0
                text7                               83A      83A       1F     1074       0
                text6                               ABE      ABE       94     157C       0
                text5                               55A      55A      1F8        8       0
                text4                               2EE      2EE      26C        8       0
                text3                               925      925       52     124A       0
                text2                               81E      81E       1C     103C       0
                text1                               C14      C14       CA     1828       0
                maintext                            752      752       A1        8       0
                cstackBANK0                          20       20       4F       20       1
                cstackCOMMON                         70       70        6       70       1
                cstackBANK1                          A0       A0       23       A0       1
                cstackBANK2                         120      120       32      120       1
                clrtext                            171E     171E        6     2E3C       0
                dataBANK2                           158      158        2      120       1
                bssBANK2                            152      152        6      120       1
                dataBANK1                            DD       DD        2       A0       1
                bssBANK1                             C3       C3        E       A0       1
                bssBANK0                             6F       6F        1       20       1
                bssCOMMON                            76       76        4       70       1
                nvBANK1                              D1       D1        C       A0       1
                stringtext9                        1820     1820        2     3000       0
                stringtext8                        181E     181E        2     3000       0
                stringtext7                        181C     181C        2     3000       0
                stringtext6                        181A     181A        2     3000       0
                stringtext5                        1818     1818        2     3000       0
                stringtext4                        1814     1814        4     3000       0
                stringtext3                        1810     1810        4     3000       0
                stringtext2                        180C     180C        4     3000       0
                stringtext1                        1800     1800        C     3000       0
                idataBANK2                          800      800        2        8       0
                idataBANK1                            2        2        2        0       0

TOTAL           Name                               Link     Load   Length     Space
        CLASS   CODE           
                end_init                             23       23        2         0
                cinit                                25       25       2A         0
                intentry                              4        4       1F         0
                reset_vec                             0        0        2         0
                text49                             1732     1732        8         0
                text48                              B52      B52       C2         0
                text47                             16EE     16EE        1         0
                text46                             1754     1754        B         0
                text45                             1724     1724        7         0
                text44                              8BD      8BD       26         0
                text43                             16EF     16EF        1         0
                text42                             175F     175F        B         0
                text41                             1782     1782        F         0
                text40                             1775     1775        D         0
                text39                              8E3      8E3       42         0
                text38                             16F0     16F0        1         0
                text37                             176A     176A        B         0
                text36                             16F5     16F5        5         0
                text34                              7F3      7F3        D         0
                text33                              89A      89A       23         0
                text32                             173A     173A        8         0
                text31                             16FA     16FA        6         0
                text30                             1700     1700        6         0
                text29                             1706     1706        6         0
                text28                              879      879       21         0
                text27                             172B     172B        7         0
                text26                             17E6     17E6       1A         0
                text25                             170C     170C        6         0
                text24                             17A2     17A2       13         0
                text23                             1712     1712        6         0
                text22                             17CD     17CD       19         0
                text21                             1718     1718        6         0
                text20                             1791     1791       11         0
                text19                             16F1     16F1        4         0
                text18                             17B5     17B5       18         0
                text17                             1742     1742        8         0
                text16                              9D9      9D9       69         0
                text15                              802      802       1C         0
                text14                              977      977       62         0
                text13                              CDE      CDE      170         0
                text12                              A42      A42       7C         0
                text11                              859      859       20         0
                text10                               4F       4F      29F         0
                text9                              174A     174A        A         0
                text8                               E4E      E4E      1B2         0
                text7                               83A      83A       1F         0
                text6                               ABE      ABE       94         0
                text5                               55A      55A      1F8         0
                text4                               2EE      2EE      26C         0
                text3                               925      925       52         0
                text2                               81E      81E       1C         0
                text1                               C14      C14       CA         0
                maintext                            752      752       A1         0
                clrtext                            171E     171E        6         0
                idataBANK2                          800      800        2         0
                idataBANK1                            2        2        2         0

        CLASS   STRCODE        
                stringtext9                        1820     1820        2         0
                stringtext8                        181E     181E        2         0
                stringtext7                        181C     181C        2         0
                stringtext6                        181A     181A        2         0
                stringtext5                        1818     1818        2         0
                stringtext4                        1814     1814        4         0
                stringtext3                        1810     1810        4         0
                stringtext2                        180C     180C        4         0
                stringtext1                        1800     1800        C         0

        CLASS   STRING         

        CLASS   CONST          

        CLASS   ENTRY          

        CLASS   COMMON         
                cstackCOMMON                         70       70        6         1
                bssCOMMON                            76       76        4         1

        CLASS   BANK0          
                cstackBANK0                          20       20       4F         1
                bssBANK0                             6F       6F        1         1

        CLASS   BANK1          
                cstackBANK1                          A0       A0       23         1
                dataBANK1                            DD       DD        2         1
                bssBANK1                             C3       C3        E         1
                nvBANK1                              D1       D1        C         1

        CLASS   BANK2          
                cstackBANK2                         120      120       32         1
                dataBANK2                           158      158        2         1
                bssBANK2                            152      152        6         1

        CLASS   BANK3          

        CLASS   BANK4          

        CLASS   BANK5          

        CLASS   BANK6          

        CLASS   BANK7          

        CLASS   BANK8          

        CLASS   BANK9          

        CLASS   BANK10         

        CLASS   BANK11         

        CLASS   BANK12         

        CLASS   BIGRAM         

        CLASS   RAM            

        CLASS   ABS1           
                abs_s1                               7E       7E        2         1

        CLASS   SFR0           

        CLASS   SFR1           

        CLASS   SFR2           

        CLASS   SFR3           

        CLASS   SFR4           

        CLASS   SFR5           

        CLASS   SFR6           

        CLASS   SFR7           

        CLASS   SFR8           

        CLASS   SFR9           

        CLASS   SFR10          

        CLASS   SFR11          

        CLASS   SFR12          

        CLASS   SFR13          

        CLASS   SFR14          

        CLASS   SFR15          

        CLASS   SFR16          

        CLASS   SFR17          

        CLASS   SFR18          

        CLASS   SFR19          

        CLASS   SFR20          

        CLASS   SFR21          

        CLASS   SFR22          

        CLASS   SFR23          

        CLASS   SFR24          

        CLASS   SFR25          

        CLASS   SFR26          

        CLASS   SFR27          

        CLASS   SFR28          

        CLASS   SFR29          

        CLASS   SFR30          

        CLASS   SFR31          

        CLASS   CONFIG         
                config                             8007     8007        2         4

        CLASS   IDLOC          
                idloc                              8000     8000        4         5

        CLASS   EEDATA         
                eeprom_data                           0     F000       10         3

        CLASS   BANK31         

        CLASS   BANK30         

        CLASS   BANK29         

        CLASS   BANK28         

        CLASS   BANK27         

        CLASS   BANK26         

        CLASS   BANK25         

        CLASS   BANK24         

        CLASS   BANK23         

        CLASS   BANK22         

        CLASS   BANK21         

        CLASS   BANK20         

        CLASS   BANK19         

        CLASS   BANK18         

        CLASS   BANK17         

        CLASS   BANK16         

        CLASS   BANK15         

        CLASS   BANK14         

        CLASS   BANK13         

        CLASS   HEAP           

        CLASS   STACK          



SEGMENTS        Name                           Load    Length   Top    Selector   Space  Class     Delta

                reset_vec                      000000  000004  000004         0       0  CODE        2
                intentry                       000004  0007FE  000802         8       0  CODE        2
                cstackBANK0                    000020  000050  000070        20       1  BANK0       1
                cstackCOMMON                   000070  00000A  00007A        70       1  COMMON      1
                cstackBANK1                    0000A0  00003F  0000DF        A0       1  BANK1       1
                cstackBANK2                    000120  00003A  00015A       120       1  BANK2       1
                text15                         000802  00001C  00081E      1004       0  CODE        2
                text2                          00081E  00001C  00083A      103C       0  CODE        2
                text7                          00083A  00001F  000859      1074       0  CODE        2
                text11                         000859  000020  000879      10B2       0  CODE        2
                text28                         000879  000021  00089A      10F2       0  CODE        2
                text33                         00089A  000023  0008BD      1134       0  CODE        2
                text44                         0008BD  000026  0008E3      117A       0  CODE        2
                text39                         0008E3  000042  000925      11C6       0  CODE        2
                text3                          000925  000052  000977      124A       0  CODE        2
                text14                         000977  000062  0009D9      12EE       0  CODE        2
                text16                         0009D9  000069  000A42      13B2       0  CODE        2
                text12                         000A42  00007C  000ABE      1484       0  CODE        2
                text6                          000ABE  000094  000B52      157C       0  CODE        2
                text48                         000B52  0000C2  000C14      16A4       0  CODE        2
                text1                          000C14  0000CA  000CDE      1828       0  CODE        2
                text13                         000CDE  000170  000E4E      19BC       0  CODE        2
                text8                          000E4E  0001B2  001000      1C9C       0  CODE        2
                text47                         0016EE  000001  0016EF      2DDC       0  CODE        2
                text43                         0016EF  000001  0016F0      2DDE       0  CODE        2
                text38                         0016F0  000001  0016F1      2DE0       0  CODE        2
                text19                         0016F1  000004  0016F5      2DE2       0  CODE        2
                text36                         0016F5  000005  0016FA      2DEA       0  CODE        2
                text31                         0016FA  000006  001700      2DF4       0  CODE        2
                text30                         001700  000006  001706      2E00       0  CODE        2
                text29                         001706  000006  00170C      2E0C       0  CODE        2
                text25                         00170C  000006  001712      2E18       0  CODE        2
                text23                         001712  000006  001718      2E24       0  CODE        2
                text21                         001718  000006  00171E      2E30       0  CODE        2
                clrtext                        00171E  000006  001724      2E3C       0  CODE        2
                text45                         001724  000007  00172B      2E48       0  CODE        2
                text27                         00172B  000007  001732      2E56       0  CODE        2
                text49                         001732  000008  00173A      2E64       0  CODE        2
                text32                         00173A  000008  001742      2E74       0  CODE        2
                text17                         001742  000008  00174A      2E84       0  CODE        2
                text9                          00174A  00000A  001754      2E94       0  CODE        2
                text46                         001754  00000B  00175F      2EA8       0  CODE        2
                text42                         00175F  00000B  00176A      2EBE       0  CODE        2
                text37                         00176A  00000B  001775      2ED4       0  CODE        2
                text40                         001775  00000D  001782      2EEA       0  CODE        2
                text41                         001782  00000F  001791      2F04       0  CODE        2
                text20                         001791  000011  0017A2      2F22       0  CODE        2
                text24                         0017A2  000013  0017B5      2F44       0  CODE        2
                text18                         0017B5  000018  0017CD      2F6A       0  CODE        2
                text22                         0017CD  000019  0017E6      2F9A       0  CODE        2
                text26                         0017E6  00001A  001800      2FCC       0  CODE        2
                stringtext1                    001800  000022  001822      3000       0  STRCODE     2
                eeprom_data                    00F000  000010  00F010     1E000       3  EEDATA      2


UNUSED ADDRESS RANGES

        Name                Unused          Largest block    Delta
        BANK1            000DF-000EF              11           1
        BANK10           00520-0056F              50           1
        BANK11           005A0-005EF              50           1
        BANK12           00620-0064F              30           1
        BANK2            0015A-0016F              16           1
        BANK3            001A0-001EF              50           1
        BANK4            00220-0026F              50           1
        BANK5            002A0-002EF              50           1
        BANK6            00320-0036F              50           1
        BANK7            003A0-003EF              50           1
        BANK8            00420-0046F              50           1
        BANK9            004A0-004EF              50           1
        BIGRAM           02000-023EF             3F0           1
        CODE             01000-016ED             6EE           2
                         01822-01FFF             7DE
        COMMON           0007A-0007D               4           1
        CONST            01000-016ED             100           2
                         01822-01FFF             100
        EEDATA           0F010-0F0FF              F0           2
        ENTRY            01000-016ED             100           2
                         01822-01FFF             100
        RAM              000DF-000EF              11           1
                         0015A-0016F              16
                         001A0-001EF              50
                         00220-0026F              50
                         002A0-002EF              50
                         00320-0036F              50
                         003A0-003EF              50
                         00420-0046F              50
                         004A0-004EF              50
                         00520-0056F              50
                         005A0-005EF              50
                         00620-0064F              30
        SFR0             00000-0001F              20           1
        SFR1             00080-0009F              20           1
        SFR10            00500-0051F              20           1
        SFR11            00580-0059F              20           1
        SFR12            00600-0061F              20           1
        SFR13            00680-006EF              70           1
        SFR14            00700-0076F              70           1
        SFR15            00780-007EF              70           1
        SFR16            00800-0086F              70           1
        SFR17            00880-008EF              70           1
        SFR18            00900-0096F              70           1
        SFR19            00980-009EF              70           1
        SFR2             00100-0011F              20           1
        SFR20            00A00-00A6F              70           1
        SFR21            00A80-00AEF              70           1
        SFR22            00B00-00B6F              70           1
        SFR23            00B80-00BEF              70           1
        SFR24            00C00-00C6F              70           1
        SFR25            00C80-00CEF              70           1
        SFR26            00D00-00D6F              70           1
        SFR27            00D80-00DEF              70           1
        SFR28            00E00-00E6F              70           1
        SFR29            00E80-00EEF              70           1
        SFR3             00180-0019F              20           1
        SFR30            00F00-00F6F              70           1
        SFR31            00F80-00FEF              70           1
        SFR4             00200-0021F              20           1
        SFR5             00280-0029F              20           1
        SFR6             00300-0031F              20           1
        SFR7             00380-0039F              20           1
        SFR8             00400-0041F              20           1
        SFR9             00480-0049F              20           1
        STRCODE          01000-016ED             6EE           2
                         01822-01FFF             7DE
        STRING           01000-016ED             100           2
                         01822-01FFF             100

                                  Symbol Table

?_ADC_GetConversion                            cstackCOMMON 00074
?__Umul8_16                                    cstackCOMMON 00074
?___awdiv                                      cstackBANK0  00024
?___fladd                                      cstackBANK0  00048
?___fldiv                                      cstackBANK0  0002E
?___flmul                                      cstackBANK0  0005C
?___flneg                                      cstackBANK0  00020
?___flsub                                      cstackBANK0  0005C
?___fltol                                      cstackBANK0  00020
?___wmul                                       cstackBANK0  00020
?___xxtofl                                     cstackBANK0  00020
?_my_log                                       cstackBANK0  00069
ADC_GetConversion@channel                      cstackBANK0  00021
DATAEE_ReadByte@bAdd                           cstackCOMMON 00074
DATAEE_WriteByte@GIEBitValue                   cstackBANK0  00021
DATAEE_WriteByte@bAdd                          cstackBANK0  00020
DATAEE_WriteByte@bData                         cstackCOMMON 00074
EUSART_SetErrorHandler@interruptHandler        cstackCOMMON 00074
EUSART_SetFramingErrorHandler@interruptHandler cstackCOMMON 00074
EUSART_SetOverrunErrorHandler@interruptHandler cstackCOMMON 00074
EUSART_Write@txData                            cstackCOMMON 00074
TMR0_SetInterruptHandler@InterruptHandler      cstackCOMMON 00074
TMR1_SetInterruptHandler@InterruptHandler      cstackCOMMON 00074
TMR1_WriteTimer@timerVal                       cstackCOMMON 00070
TMR2_SetInterruptHandler@InterruptHandler      cstackCOMMON 00074
_ADCON0                                        (abs)        0009D
_ADCON0bits                                    (abs)        0009D
_ADCON1                                        (abs)        0009E
_ADC_GetConversion                             text15       00802
_ADC_Initialize                                text32       0173A
_ADRESH                                        (abs)        0009C
_ADRESL                                        (abs)        0009B
_ANSELA                                        (abs)        0018C
_ANSELB                                        (abs)        0018D
_APFCON0                                       (abs)        0011D
_APFCON1                                       (abs)        0011E
_BAUDCON                                       (abs)        0019F
_BORCON                                        (abs)        00116
_CURRENT_MODE                                  bssCOMMON    00076
_DATAEE_ReadByte                               text34       007F3
_DATAEE_WriteByte                              text33       0089A
_DISP_STATE                                    bssBANK1     000C5
_DN_CLICKED                                    bssBANK1     000CB
_EEADRH                                        (abs)        00192
_EEADRL                                        (abs)        00191
_EECON1bits                                    (abs)        00195
_EECON2                                        (abs)        00196
_EEDATH                                        (abs)        00194
_EEDATL                                        (abs)        00193
_EUSART_DefaultErrorHandler                    (abs)        00000
_EUSART_DefaultFramingErrorHandler             (abs)        00000
_EUSART_DefaultOverrunErrorHandler             (abs)        00000
_EUSART_ErrorHandler                           nvBANK1      000D3
_EUSART_FramingErrorHandler                    nvBANK1      000D7
_EUSART_Initialize                             text28       00879
_EUSART_OverrunErrorHandler                    nvBANK1      000D5
_EUSART_SetErrorHandler                        text31       016FA
_EUSART_SetFramingErrorHandler                 text30       01700
_EUSART_SetOverrunErrorHandler                 text29       01706
_EUSART_Write                                  text17       01742
_HEAT_CALL_TICKS                               dataBANK2    00158
_INTCONbits                                    (abs)        0000B
_INTERRUPT_InterruptManager                    intentry     00004
_LATA                                          (abs)        0010C
_LATAbits                                      (abs)        0010C
_LATB                                          (abs)        0010D
_LATBbits                                      (abs)        0010D
_LOGIC_FLAG                                    bssBANK2     00154
_LOGIC_TICK                                    bssCOMMON    00078
_OPTION_REG                                    (abs)        00095
_OPTION_REGbits                                (abs)        00095
_OSCCON                                        (abs)        00099
_OSCILLATOR_Initialize                         text27       0172B
_OSCTUNE                                       (abs)        00098
_PIE1bits                                      (abs)        00091
_PIN_MANAGER_Initialize                        text26       017E6
_PIR1bits                                      (abs)        00011
_PORTAbits                                     (abs)        0000C
_PORTBbits                                     (abs)        0000D
_PR2                                           (abs)        0001B
_RCREG                                         (abs)        00199
_RCSTA                                         (abs)        0019D
_RCSTAbits                                     (abs)        0019D
_READ_FLAG                                     bssBANK2     00156
_RELAY_STATUS                                  bssBANK0     0006F
_SETPOINTS                                     stringtext1  01800
_SPBRGH                                        (abs)        0019C
_SPBRGL                                        (abs)        0019B
_SPKR_COUNT                                    dataBANK1    000DD
_SPKR_DC                                       bssBANK1     000CC
_SPKR_DURATION                                 dataBANK1    000DE
_SYSTEM_Initialize                             text18       017B5
_T1CON                                         (abs)        00018
_T1CONbits                                     (abs)        00018
_T1GCON                                        (abs)        00019
_T1GCONbits                                    (abs)        00019
_T2CON                                         (abs)        0001C
_T2CONbits                                     (abs)        0001C
_TEMP                                          bssBANK2     00152
_TMR0                                          (abs)        00015
_TMR0_CallBack                                 text46       01754
_TMR0_DefaultInterruptHandler                  text47       016EE
_TMR0_ISR                                      text45       01724
_TMR0_Initialize                               text24       017A2
_TMR0_InterruptHandler                         nvBANK1      000DB
_TMR0_SetInterruptHandler                      text25       0170C
_TMR1H                                         (abs)        00017
_TMR1L                                         (abs)        00016
_TMR1_CallBack                                 text42       0175F
_TMR1_DefaultInterruptHandler                  text43       016EF
_TMR1_ISR                                      text40       01775
_TMR1_Initialize                               text22       017CD
_TMR1_InterruptHandler                         nvBANK1      000D9
_TMR1_SetInterruptHandler                      text23       01712
_TMR1_WriteTimer                               text41       01782
_TMR2                                          (abs)        0001A
_TMR2_CallBack                                 text37       0176A
_TMR2_DefaultInterruptHandler                  text38       016F0
_TMR2_ISR                                      text36       016F5
_TMR2_Initialize                               text20       01791
_TMR2_InterruptHandler                         nvBANK1      000D1
_TMR2_SetInterruptHandler                      text21       01718
_TRISA                                         (abs)        0008C
_TRISAbits                                     (abs)        0008C
_TRISB                                         (abs)        0008D
_TRISBbits                                     (abs)        0008D
_TXREG                                         (abs)        0019A
_TXSTA                                         (abs)        0019E
_TXSTAbits                                     (abs)        0019E
_UART_FLAG                                     bssBANK2     00155
_WDTCON                                        (abs)        00097
_WDT_Initialize                                text19       016F1
_WPUA                                          (abs)        0020C
_WPUB                                          (abs)        0020D
__Beeprom_data                                 eeprom_data  0F000
__ControlHeat                                  text16       009D9
__H__absolute__                                __absolute__ 00000
__Habs1                                        abs1         00000
__Hbank0                                       bank0        00000
__Hbank1                                       bank1        00000
__Hbank10                                      bank10       00000
__Hbank11                                      bank11       00000
__Hbank12                                      bank12       00000
__Hbank13                                      bank13       00000
__Hbank14                                      bank14       00000
__Hbank15                                      bank15       00000
__Hbank16                                      bank16       00000
__Hbank17                                      bank17       00000
__Hbank18                                      bank18       00000
__Hbank19                                      bank19       00000
__Hbank2                                       bank2        00000
__Hbank20                                      bank20       00000
__Hbank21                                      bank21       00000
__Hbank22                                      bank22       00000
__Hbank23                                      bank23       00000
__Hbank24                                      bank24       00000
__Hbank25                                      bank25       00000
__Hbank26                                      bank26       00000
__Hbank27                                      bank27       00000
__Hbank28                                      bank28       00000
__Hbank29                                      bank29       00000
__Hbank3                                       bank3        00000
__Hbank30                                      bank30       00000
__Hbank31                                      bank31       00000
__Hbank4                                       bank4        00000
__Hbank5                                       bank5        00000
__Hbank6                                       bank6        00000
__Hbank7                                       bank7        00000
__Hbank8                                       bank8        00000
__Hbank9                                       bank9        00000
__Hbigram                                      bigram       00000
__HbssBANK0                                    bssBANK0     00000
__HbssBANK1                                    bssBANK1     00000
__HbssBANK2                                    bssBANK2     00000
__HbssCOMMON                                   bssCOMMON    00000
__Hcinit                                       cinit        0004F
__Hclrtext                                     clrtext      00000
__Hcode                                        code         00000
__Hcommon                                      common       00000
__Hconfig                                      config       08009
__HcstackBANK0                                 cstackBANK0  00000
__HcstackBANK1                                 cstackBANK1  00000
__HcstackBANK2                                 cstackBANK2  00000
__HcstackCOMMON                                cstackCOMMON 00000
__HdataBANK1                                   dataBANK1    00000
__HdataBANK2                                   dataBANK2    00000
__Heeprom_data                                 eeprom_data  00010
__Hend_init                                    end_init     00025
__Hfunctab                                     functab      00000
__Hheap                                        heap         00000
__HidataBANK1                                  idataBANK1   00000
__HidataBANK2                                  idataBANK2   00000
__Hidloc                                       idloc        08004
__Hinit                                        init         00023
__Hintentry                                    intentry     00023
__Hmaintext                                    maintext     00000
__HnvBANK1                                     nvBANK1      00000
__Hpowerup                                     powerup      00000
__Hram                                         ram          00000
__Hreset_vec                                   reset_vec    00002
__Hsfr0                                        sfr0         00000
__Hsfr1                                        sfr1         00000
__Hsfr10                                       sfr10        00000
__Hsfr11                                       sfr11        00000
__Hsfr12                                       sfr12        00000
__Hsfr13                                       sfr13        00000
__Hsfr14                                       sfr14        00000
__Hsfr15                                       sfr15        00000
__Hsfr16                                       sfr16        00000
__Hsfr17                                       sfr17        00000
__Hsfr18                                       sfr18        00000
__Hsfr19                                       sfr19        00000
__Hsfr2                                        sfr2         00000
__Hsfr20                                       sfr20        00000
__Hsfr21                                       sfr21        00000
__Hsfr22                                       sfr22        00000
__Hsfr23                                       sfr23        00000
__Hsfr24                                       sfr24        00000
__Hsfr25                                       sfr25        00000
__Hsfr26                                       sfr26        00000
__Hsfr27                                       sfr27        00000
__Hsfr28                                       sfr28        00000
__Hsfr29                                       sfr29        00000
__Hsfr3                                        sfr3         00000
__Hsfr30                                       sfr30        00000
__Hsfr31                                       sfr31        00000
__Hsfr4                                        sfr4         00000
__Hsfr5                                        sfr5         00000
__Hsfr6                                        sfr6         00000
__Hsfr7                                        sfr7         00000
__Hsfr8                                        sfr8         00000
__Hsfr9                                        sfr9         00000
__Hspace_0                                     (abs)        01822
__Hspace_1                                     (abs)        0015A
__Hspace_2                                     (abs)        00000
__Hspace_3                                     (abs)        00010
__Hspace_4                                     (abs)        10010
__Hstack                                       stack        00000
__Hstrings                                     strings      00000
__Hstringtext1                                 stringtext1  00000
__Hstringtext2                                 stringtext2  00000
__Hstringtext3                                 stringtext3  00000
__Hstringtext4                                 stringtext4  00000
__Hstringtext5                                 stringtext5  00000
__Hstringtext6                                 stringtext6  00000
__Hstringtext7                                 stringtext7  00000
__Hstringtext8                                 stringtext8  00000
__Hstringtext9                                 stringtext9  00000
__Htext                                        text         00000
__L__absolute__                                __absolute__ 00000
__Labs1                                        abs1         00000
__LastDownState                                bssBANK1     000CE
__LastUpState                                  bssBANK1     000CF
__Lbank0                                       bank0        00000
__Lbank1                                       bank1        00000
__Lbank10                                      bank10       00000
__Lbank11                                      bank11       00000
__Lbank12                                      bank12       00000
__Lbank13                                      bank13       00000
__Lbank14                                      bank14       00000
__Lbank15                                      bank15       00000
__Lbank16                                      bank16       00000
__Lbank17                                      bank17       00000
__Lbank18                                      bank18       00000
__Lbank19                                      bank19       00000
__Lbank2                                       bank2        00000
__Lbank20                                      bank20       00000
__Lbank21                                      bank21       00000
__Lbank22                                      bank22       00000
__Lbank23                                      bank23       00000
__Lbank24                                      bank24       00000
__Lbank25                                      bank25       00000
__Lbank26                                      bank26       00000
__Lbank27                                      bank27       00000
__Lbank28                                      bank28       00000
__Lbank29                                      bank29       00000
__Lbank3                                       bank3        00000
__Lbank30                                      bank30       00000
__Lbank31                                      bank31       00000
__Lbank4                                       bank4        00000
__Lbank5                                       bank5        00000
__Lbank6                                       bank6        00000
__Lbank7                                       bank7        00000
__Lbank8                                       bank8        00000
__Lbank9                                       bank9        00000
__Lbigram                                      bigram       00000
__LbssBANK0                                    bssBANK0     00000
__LbssBANK1                                    bssBANK1     00000
__LbssBANK2                                    bssBANK2     00000
__LbssCOMMON                                   bssCOMMON    00000
__Lcinit                                       cinit        00025
__Lclrtext                                     clrtext      00000
__Lcode                                        code         00000
__Lcommon                                      common       00000
__Lconfig                                      config       00000
__LcstackBANK0                                 cstackBANK0  00000
__LcstackBANK1                                 cstackBANK1  00000
__LcstackBANK2                                 cstackBANK2  00000
__LcstackCOMMON                                cstackCOMMON 00000
__LdataBANK1                                   dataBANK1    00000
__LdataBANK2                                   dataBANK2    00000
__Leeprom_data                                 eeprom_data  00000
__Lend_init                                    end_init     00023
__Lfunctab                                     functab      00000
__Lheap                                        heap         00000
__LidataBANK1                                  idataBANK1   00000
__LidataBANK2                                  idataBANK2   00000
__Lidloc                                       idloc        00000
__Linit                                        init         00023
__Lintentry                                    intentry     00004
__Lmaintext                                    maintext     00000
__LnvBANK1                                     nvBANK1      00000
__LogicControlISR                              text44       008BD
__Lpowerup                                     powerup      00000
__Lram                                         ram          00000
__Lreset_vec                                   reset_vec    00000
__Lsfr0                                        sfr0         00000
__Lsfr1                                        sfr1         00000
__Lsfr10                                       sfr10        00000
__Lsfr11                                       sfr11        00000
__Lsfr12                                       sfr12        00000
__Lsfr13                                       sfr13        00000
__Lsfr14                                       sfr14        00000
__Lsfr15                                       sfr15        00000
__Lsfr16                                       sfr16        00000
__Lsfr17                                       sfr17        00000
__Lsfr18                                       sfr18        00000
__Lsfr19                                       sfr19        00000
__Lsfr2                                        sfr2         00000
__Lsfr20                                       sfr20        00000
__Lsfr21                                       sfr21        00000
__Lsfr22                                       sfr22        00000
__Lsfr23                                       sfr23        00000
__Lsfr24                                       sfr24        00000
__Lsfr25                                       sfr25        00000
__Lsfr26                                       sfr26        00000
__Lsfr27                                       sfr27        00000
__Lsfr28                                       sfr28        00000
__Lsfr29                                       sfr29        00000
__Lsfr3                                        sfr3         00000
__Lsfr30                                       sfr30        00000
__Lsfr31                                       sfr31        00000
__Lsfr4                                        sfr4         00000
__Lsfr5                                        sfr5         00000
__Lsfr6                                        sfr6         00000
__Lsfr7                                        sfr7         00000
__Lsfr8                                        sfr8         00000
__Lsfr9                                        sfr9         00000
__Lspace_0                                     (abs)        00000
__Lspace_1                                     (abs)        00000
__Lspace_2                                     (abs)        00000
__Lspace_3                                     (abs)        00000
__Lspace_4                                     (abs)        00000
__Lstack                                       stack        00000
__Lstrings                                     strings      00000
__Lstringtext1                                 stringtext1  00000
__Lstringtext2                                 stringtext2  00000
__Lstringtext3                                 stringtext3  00000
__Lstringtext4                                 stringtext4  00000
__Lstringtext5                                 stringtext5  00000
__Lstringtext6                                 stringtext6  00000
__Lstringtext7                                 stringtext7  00000
__Lstringtext8                                 stringtext8  00000
__Lstringtext9                                 stringtext9  00000
__Ltext                                        text         00000
__ReadSensor                                   text4        002EE
__ReadSensor$1847                              cstackBANK2  00140
__ReadSensor$1848                              cstackBANK2  00144
__ReadSensor$1849                              cstackBANK2  00148
__ReadSensor@Rntc                              cstackBANK2  0012C
__ReadSensor@Rpullup                           cstackBANK2  00124
__ReadSensor@T                                 cstackBANK2  00134
__ReadSensor@Tc                                cstackBANK2  00138
__ReadSensor@Tf                                cstackBANK2  0013C
__ReadSensor@Vcc                               cstackBANK2  00128
__ReadSensor@Vout                              cstackBANK2  00120
__ReadSensor@adcValue                          cstackBANK2  0014C
__ReadSensor@invT                              cstackBANK2  00130
__ReadSensor@logR                              cstackBANK2  0014E
__S0                                           (abs)        01822
__S1                                           (abs)        0015A
__S3                                           (abs)        0F010
__SaveMemory                                   bssBANK2     00157
__SendDataToConsole                            text1        00C14
__SendDataToConsole@huns                       cstackBANK0  00035
__SendDataToConsole@ones                       cstackBANK0  00031
__SendDataToConsole@tens                       cstackBANK0  00033
__SpkrControlISR                               text39       008E3
__UIControlISR                                 text48       00B52
__UIControlISR@btnDnRead                       cstackCOMMON 00073
__UIControlISR@btnUpRead                       cstackCOMMON 00072
__Umul8_16                                     text11       00859
__Umul8_16@multiplicand                        cstackCOMMON 00074
__Umul8_16@multiplier                          cstackBANK0  00026
__Umul8_16@product                             cstackBANK0  00022
__Umul8_16@word_mpld                           cstackBANK0  00024
___awdiv                                       text3        00925
___awdiv@counter                               cstackBANK0  00029
___awdiv@dividend                              cstackBANK0  00026
___awdiv@divisor                               cstackBANK0  00024
___awdiv@quotient                              cstackBANK0  0002B
___awdiv@sign                                  cstackBANK0  0002A
___fladd                                       text8        00E4E
___fladd@a                                     cstackBANK0  0004C
___fladd@aexp                                  cstackBANK0  00059
___fladd@b                                     cstackBANK0  00048
___fladd@bexp                                  cstackBANK0  0005A
___fladd@grs                                   cstackBANK0  0005B
___fladd@signs                                 cstackBANK0  00058
___fldiv                                       text13       00CDE
___fldiv@a                                     cstackBANK0  0002E
___fldiv@aexp                                  cstackBANK0  00047
___fldiv@b                                     cstackBANK0  00032
___fldiv@bexp                                  cstackBANK0  00046
___fldiv@grs                                   cstackBANK0  00042
___fldiv@new_exp                               cstackBANK0  00040
___fldiv@rem                                   cstackBANK0  0003B
___fldiv@sign                                  cstackBANK0  0003F
___flge                                        text12       00A42
___flge@ff1                                    cstackBANK0  00020
___flge@ff2                                    cstackBANK0  00024
___flmul                                       text10       0004F
___flmul@a                                     cstackBANK0  00060
___flmul@aexp                                  cstackBANK1  000A1
___flmul@b                                     cstackBANK0  0005C
___flmul@bexp                                  cstackBANK1  000A6
___flmul@grs                                   cstackBANK1  000A2
___flmul@prod                                  cstackBANK1  000A7
___flmul@sign                                  cstackBANK1  000A0
___flmul@temp                                  cstackBANK1  000AB
___flneg                                       text9        0174A
___flneg@f1                                    cstackBANK0  00020
___flsub                                       text7        0083A
___flsub@a                                     cstackBANK0  0005C
___flsub@b                                     cstackBANK0  00060
___fltol                                       text14       00977
___fltol@exp1                                  cstackCOMMON 00075
___fltol@f1                                    cstackBANK0  00020
___fltol@sign1                                 cstackCOMMON 00074
___heap_hi                                     (abs)        00000
___heap_lo                                     (abs)        00000
___int_sp                                      stack        00000
___latbits                                     (abs)        00002
___sp                                          stack        00000
___stackhi                                     (abs)        00000
___stacklo                                     (abs)        00000
___wmul                                        text2        0081E
___wmul@multiplicand                           cstackBANK0  00022
___wmul@multiplier                             cstackBANK0  00020
___wmul@product                                cstackCOMMON 00074
___xxtofl                                      text6        00ABE
___xxtofl@arg                                  cstackBANK0  0002A
___xxtofl@exp                                  cstackBANK0  00029
___xxtofl@sign                                 cstackBANK0  00028
___xxtofl@val                                  cstackBANK0  00020
__end_of_A                                     stringtext4  01818
__end_of_ADC_GetConversion                     text15       0081E
__end_of_ADC_Initialize                        text32       01742
__end_of_B                                     stringtext3  01814
__end_of_C                                     stringtext2  01810
__end_of_DATAEE_ReadByte                       text34       00800
__end_of_DATAEE_WriteByte                      text33       008BD
__end_of_EUSART_Initialize                     text28       0089A
__end_of_EUSART_SetErrorHandler                text31       01700
__end_of_EUSART_SetFramingErrorHandler         text30       01706
__end_of_EUSART_SetOverrunErrorHandler         text29       0170C
__end_of_EUSART_Write                          text17       0174A
__end_of_INTERRUPT_InterruptManager            intentry     00023
__end_of_MIN_IDLE_TIME                         stringtext8  01820
__end_of_MIN_RUN_TIME                          stringtext9  01822
__end_of_ONE_SECOND                            stringtext5  0181A
__end_of_OSCILLATOR_Initialize                 text27       01732
__end_of_PIN_MANAGER_Initialize                text26       01800
__end_of_SETPOINTS                             stringtext1  0180C
__end_of_SHUT_OFF                              stringtext7  0181E
__end_of_SYSTEM_Initialize                     text18       017CD
__end_of_TMR0_CallBack                         text46       0175F
__end_of_TMR0_DefaultInterruptHandler          text47       016EF
__end_of_TMR0_ISR                              text45       0172B
__end_of_TMR0_Initialize                       text24       017B5
__end_of_TMR0_SetInterruptHandler              text25       01712
__end_of_TMR1_CallBack                         text42       0176A
__end_of_TMR1_DefaultInterruptHandler          text43       016F0
__end_of_TMR1_ISR                              text40       01782
__end_of_TMR1_Initialize                       text22       017E6
__end_of_TMR1_SetInterruptHandler              text23       01718
__end_of_TMR1_WriteTimer                       text41       01791
__end_of_TMR2_CallBack                         text37       01775
__end_of_TMR2_DefaultInterruptHandler          text38       016F1
__end_of_TMR2_ISR                              text36       016FA
__end_of_TMR2_Initialize                       text20       017A2
__end_of_TMR2_SetInterruptHandler              text21       0171E
__end_of_TURN_ON                               stringtext6  0181C
__end_of_WDT_Initialize                        text19       016F5
__end_of__ControlHeat                          text16       00A42
__end_of__LogicControlISR                      text44       008E3
__end_of__ReadSensor                           text4        0055A
__end_of__SendDataToConsole                    text1        00CDE
__end_of__SpkrControlISR                       text39       00925
__end_of__UIControlISR                         text48       00C14
__end_of__Umul8_16                             text11       00879
__end_of___awdiv                               text3        00977
__end_of___fladd                               text8        01000
__end_of___fldiv                               text13       00E4E
__end_of___flge                                text12       00ABE
__end_of___flmul                               text10       002EE
__end_of___flneg                               text9        01754
__end_of___flsub                               text7        00859
__end_of___fltol                               text14       009D9
__end_of___wmul                                text2        0083A
__end_of___xxtofl                              text6        00B52
__end_of__initialization                       cinit        0004B
__end_of_main                                  maintext     007F3
__end_of_my_log                                text5        00752
__end_ofi1_EUSART_Write                        text49       0173A
__initialization                               cinit        00025
__pbssBANK0                                    bssBANK0     0006F
__pbssBANK1                                    bssBANK1     000C3
__pbssBANK2                                    bssBANK2     00152
__pbssCOMMON                                   bssCOMMON    00076
__pcstackBANK0                                 cstackBANK0  00020
__pcstackBANK1                                 cstackBANK1  000A0
__pcstackBANK2                                 cstackBANK2  00120
__pcstackCOMMON                                cstackCOMMON 00070
__pdataBANK1                                   dataBANK1    000DD
__pdataBANK2                                   dataBANK2    00158
__pidataBANK1                                  idataBANK1   00002
__pidataBANK2                                  idataBANK2   00800
__pintentry                                    intentry     00004
__pmaintext                                    maintext     00752
__pnvBANK1                                     nvBANK1      000D1
__pstringtext1                                 stringtext1  01800
__pstringtext2                                 stringtext2  0180C
__pstringtext3                                 stringtext3  01810
__pstringtext4                                 stringtext4  01814
__pstringtext5                                 stringtext5  01818
__pstringtext6                                 stringtext6  0181A
__pstringtext7                                 stringtext7  0181C
__pstringtext8                                 stringtext8  0181E
__pstringtext9                                 stringtext9  01820
__ptext1                                       text1        00C14
__ptext10                                      text10       0004F
__ptext11                                      text11       00859
__ptext12                                      text12       00A42
__ptext13                                      text13       00CDE
__ptext14                                      text14       00977
__ptext15                                      text15       00802
__ptext16                                      text16       009D9
__ptext17                                      text17       01742
__ptext18                                      text18       017B5
__ptext19                                      text19       016F1
__ptext2                                       text2        0081E
__ptext20                                      text20       01791
__ptext21                                      text21       01718
__ptext22                                      text22       017CD
__ptext23                                      text23       01712
__ptext24                                      text24       017A2
__ptext25                                      text25       0170C
__ptext26                                      text26       017E6
__ptext27                                      text27       0172B
__ptext28                                      text28       00879
__ptext29                                      text29       01706
__ptext3                                       text3        00925
__ptext30                                      text30       01700
__ptext31                                      text31       016FA
__ptext32                                      text32       0173A
__ptext33                                      text33       0089A
__ptext34                                      text34       007F3
__ptext36                                      text36       016F5
__ptext37                                      text37       0176A
__ptext38                                      text38       016F0
__ptext39                                      text39       008E3
__ptext4                                       text4        002EE
__ptext40                                      text40       01775
__ptext41                                      text41       01782
__ptext42                                      text42       0175F
__ptext43                                      text43       016EF
__ptext44                                      text44       008BD
__ptext45                                      text45       01724
__ptext46                                      text46       01754
__ptext47                                      text47       016EE
__ptext48                                      text48       00B52
__ptext49                                      text49       01732
__ptext5                                       text5        0055A
__ptext6                                       text6        00ABE
__ptext7                                       text7        0083A
__ptext8                                       text8        00E4E
__ptext9                                       text9        0174A
_eusartRxLastError                             bssBANK1     000D0
_main                                          maintext     00752
_my_log                                        text5        0055A
_my_log$1850                                   cstackBANK1  000AD
_timer0ReloadVal                               bssCOMMON    00079
_timer1ReloadVal                               bssBANK1     000C7
btemp                                          (abs)        0007E
clear_ram0                                     clrtext      0171E
end_of_initialization                          cinit        0004B
i1EUSART_Write@txData                          cstackCOMMON 00070
i1_EUSART_Write                                text49       01732
int$flags                                      (abs)        0007E
intlevel0                                      functab      00000
intlevel1                                      functab      00000
intlevel2                                      functab      00000
intlevel3                                      functab      00000
intlevel4                                      functab      00000
intlevel5                                      functab      00000
main@readVal                                   cstackBANK1  000C2
main@readVal_991                               cstackBANK1  000C0
main@saveVal                                   cstackBANK1  000C1
main@savedRelay                                cstackBANK1  000BF
my_log@n                                       cstackBANK1  000B9
my_log@result                                  cstackBANK1  000B1
my_log@sum                                     cstackBANK1  000B5
my_log@term                                    cstackBANK1  000BB
my_log@x                                       cstackBANK0  00069
reset_vec                                      reset_vec    00000
start                                          init         00023
start_initialization                           cinit        00025
wtemp0                                         (abs)        0007E


MODULE INFORMATION

Module		Function		Class		Link	Load	Size
C:\Program Files\Microchip\xc8\v2.41\pic\sources\c99\common\flge.c
		___flge        		CODE           	0A42	0000	124

C:\Program Files\Microchip\xc8\v2.41\pic\sources\c99\common\flge.c estimated size: 124

C:\Program Files\Microchip\xc8\v2.41\pic\sources\c99\common\Umul8_16.c
		__Umul8_16     		CODE           	0859	0000	32

C:\Program Files\Microchip\xc8\v2.41\pic\sources\c99\common\Umul8_16.c estimated size: 32

C:\Program Files\Microchip\xc8\v2.41\pic\sources\c99\common\fltol.c
		___fltol       		CODE           	0977	0000	98

C:\Program Files\Microchip\xc8\v2.41\pic\sources\c99\common\fltol.c estimated size: 98

C:\Program Files\Microchip\xc8\v2.41\pic\sources\c99\common\xxtofl.c
		___xxtofl      		CODE           	0ABE	0000	148

C:\Program Files\Microchip\xc8\v2.41\pic\sources\c99\common\xxtofl.c estimated size: 148

mcc_generated_files/tmr2.c
		_TMR2_ISR      		CODE           	16F5	0000	5
		_TMR2_Initialize		CODE           	1791	0000	17
		_TMR2_SetInterruptHandler		CODE           	1718	0000	6
		_TMR2_DefaultInterruptHandler		CODE           	16F0	0000	1
		_TMR2_CallBack 		CODE           	176A	0000	11

mcc_generated_files/tmr2.c estimated size: 40

mcc_generated_files/interrupt_manager.c
		_INTERRUPT_InterruptManager		CODE           	0004	0000	31

mcc_generated_files/interrupt_manager.c estimated size: 31

mcc_generated_files/tmr0.c
		_TMR0_SetInterruptHandler		CODE           	170C	0000	6
		_TMR0_DefaultInterruptHandler		CODE           	16EE	0000	1
		_TMR0_CallBack 		CODE           	1754	0000	11
		_TMR0_ISR      		CODE           	1724	0000	7
		_TMR0_Initialize		CODE           	17A2	0000	19

mcc_generated_files/tmr0.c estimated size: 44

mcc_generated_files/pin_manager.c
		_PIN_MANAGER_Initialize		CODE           	17E6	0000	26

mcc_generated_files/pin_manager.c estimated size: 26

C:\Program Files\Microchip\xc8\v2.41\pic\sources\c99\common\sprcadd.c
		___flsub       		CODE           	083A	0000	31
		___fladd       		CODE           	0E4E	0000	434

C:\Program Files\Microchip\xc8\v2.41\pic\sources\c99\common\sprcadd.c estimated size: 465

C:\Program Files\Microchip\xc8\v2.41\pic\sources\c99\common\awdiv.c
		___awdiv       		CODE           	0925	0000	82

C:\Program Files\Microchip\xc8\v2.41\pic\sources\c99\common\awdiv.c estimated size: 82

mcc_generated_files/adc.c
		_ADC_Initialize		CODE           	173A	0000	8
		_ADC_GetConversion		CODE           	0802	0000	28

mcc_generated_files/adc.c estimated size: 36

C:\Program Files\Microchip\xc8\v2.41\pic\sources\c99\common\flneg.c
		___flneg       		CODE           	174A	0000	10

C:\Program Files\Microchip\xc8\v2.41\pic\sources\c99\common\flneg.c estimated size: 10

shared
		_MIN_RUN_TIME  		STRCODE        	0000	0000	0
		_SHUT_OFF      		STRCODE        	0000	0000	0
		_TURN_ON       		STRCODE        	0000	0000	0
		i1_EUSART_Write		CODE           	1732	0000	8
		_SETPOINTS     		STRCODE        	1800	0000	12
		_MIN_IDLE_TIME 		STRCODE        	0000	0000	0
		__initialization		CODE           	0025	0000	38
		_A             		STRCODE        	0000	0000	0
		_B             		STRCODE        	0000	0000	0
		_C             		STRCODE        	0000	0000	0
		_ONE_SECOND    		STRCODE        	0000	0000	0

shared estimated size: 58

mcc_generated_files/mcc.c
		_WDT_Initialize		CODE           	16F1	0000	4
		_OSCILLATOR_Initialize		CODE           	172B	0000	7
		_SYSTEM_Initialize		CODE           	17B5	0000	24

mcc_generated_files/mcc.c estimated size: 35

mcc_generated_files/tmr1.c
		_TMR1_Initialize		CODE           	17CD	0000	25
		_TMR1_SetInterruptHandler		CODE           	1712	0000	6
		_TMR1_DefaultInterruptHandler		CODE           	16EF	0000	1
		_TMR1_CallBack 		CODE           	175F	0000	11
		_TMR1_WriteTimer		CODE           	1782	0000	15
		_TMR1_ISR      		CODE           	1775	0000	13

mcc_generated_files/tmr1.c estimated size: 71

C:\Program Files\Microchip\xc8\v2.41\pic\sources\c99\common\Umul16.c
		___wmul        		CODE           	081E	0000	28

C:\Program Files\Microchip\xc8\v2.41\pic\sources\c99\common\Umul16.c estimated size: 28

mcc_generated_files/memory.c
		_DATAEE_WriteByte		CODE           	089A	0000	35
		_DATAEE_ReadByte		CODE           	07F3	0000	13

mcc_generated_files/memory.c estimated size: 48

custom_math.c
		_my_log        		CODE           	055A	0000	504

custom_math.c estimated size: 504

mcc_generated_files/eusart.c
		_EUSART_Write  		CODE           	1742	0000	8
		_EUSART_Initialize		CODE           	0879	0000	33
		_EUSART_SetFramingErrorHandler		CODE           	1700	0000	6
		_EUSART_SetErrorHandler		CODE           	16FA	0000	6
		_EUSART_SetOverrunErrorHandler		CODE           	1706	0000	6

mcc_generated_files/eusart.c estimated size: 59

main.c
		_main          		CODE           	0752	0000	161
		__ControlHeat  		CODE           	09D9	0000	105
		__SpkrControlISR		CODE           	08E3	0000	66
		__LogicControlISR		CODE           	08BD	0000	38
		__SendDataToConsole		CODE           	0C14	0000	202
		__UIControlISR 		CODE           	0B52	0000	194
		__ReadSensor   		CODE           	02EE	0000	620

main.c estimated size: 1386

C:\Program Files\Microchip\xc8\v2.41\pic\sources\c99\common\sprcmul.c
		___flmul       		CODE           	004F	0000	671

C:\Program Files\Microchip\xc8\v2.41\pic\sources\c99\common\sprcmul.c estimated size: 671

C:\Program Files\Microchip\xc8\v2.41\pic\sources\c99\common\sprcdiv.c
		___fldiv       		CODE           	0CDE	0000	368

C:\Program Files\Microchip\xc8\v2.41\pic\sources\c99\common\sprcdiv.c estimated size: 368

